Logs pour stratégie: LoggingExampleStrategy
================================================================================


--- logging_0 ---
[Tick 0] Stratégie initialisée pour logging_0
[Tick 9] Nouveau bloc accepté: EMKAMA_0_0 de EMKAMA_0, hauteur 1
[Tick 10] Tentative de minage au tick 10
[Tick 10] Nouveau bloc accepté: greedy_1_0 de greedy_1, hauteur 1
[Tick 11] Nouveau bloc accepté: adaptive_0_0 de adaptive_0, hauteur 1
[Tick 14] Nouveau bloc accepté: greedy_0_0 de greedy_0, hauteur 2
[Tick 17] Choix du parent: greedy_0_0 (hauteur 2)
[Tick 17] Nouveau bloc accepté: basic_0_0 de basic_0, hauteur 3
[Tick 20] Tentative de minage au tick 20
[Tick 20] Nouveau bloc accepté: EMKAMA_0_1 de EMKAMA_0, hauteur 2
[Tick 21] Bloc rejeté: logging_0_0 de EMKAMA_0
[Tick 26] Nouveau bloc accepté: adaptive_0_1 de greedy_1, hauteur 2
[Tick 26] Nouveau bloc accepté: greedy_0_1 de greedy_0, hauteur 4
[Tick 27] Nouveau bloc accepté: basic_1_0 de basic_0, hauteur 2
[Tick 28] Nouveau bloc accepté: basic_2_0 de basic_1, hauteur 2
[Tick 29] Choix du parent: greedy_0_1 (hauteur 4)
[Tick 29] Nouveau bloc accepté: greedy_1_1 de basic_2, hauteur 3
[Tick 30] Tentative de minage au tick 30
[Tick 32] Nouveau bloc accepté: EMKAMA_0_2 de greedy_1, hauteur 3
[Tick 34] Nouveau bloc accepté: basic_2_1 de basic_2, hauteur 3
[Tick 34] Nouveau bloc accepté: basic_1_1 de basic_1, hauteur 5
[Tick 35] Nouveau bloc accepté: conservative_1_0 de conservative_1, hauteur 5
[Tick 35] Bloc rejeté: logging_0_1 de basic_1
[Tick 36] Nouveau bloc accepté: greedy_1_2 de greedy_1, hauteur 5
[Tick 36] Nouveau bloc accepté: greedy_0_2 de greedy_1, hauteur 5
[Tick 37] Nouveau bloc accepté: conservative_0_0 de adaptive_0, hauteur 4
[Tick 37] Nouveau bloc accepté: basic_0_1 de basic_0, hauteur 5
[Tick 37] Nouveau bloc accepté: greedy_1_3 de greedy_1, hauteur 6
[Tick 40] Tentative de minage au tick 40
[Tick 41] Nouveau bloc accepté: EMKAMA_0_3 de EMKAMA_0, hauteur 4
[Tick 42] Nouveau bloc accepté: adaptive_0_2 de basic_2, hauteur 7
[Tick 44] Choix du parent: adaptive_0_2 (hauteur 7)
[Tick 45] Nouveau bloc accepté: greedy_0_3 de greedy_0, hauteur 8
[Tick 46] Nouveau bloc accepté: basic_1_2 de basic_1, hauteur 6
[Tick 48] Nouveau bloc accepté: conservative_0_1 de conservative_0, hauteur 8
[Tick 49] Nouveau bloc accepté: basic_2_2 de adaptive_0, hauteur 6
[Tick 50] Tentative de minage au tick 50
[Tick 51] Nouveau bloc accepté: basic_0_2 de greedy_0, hauteur 8
[Tick 54] Nouveau bloc accepté: conservative_1_1 de conservative_1, hauteur 9
[Tick 58] Nouveau bloc accepté: greedy_1_4 de basic_2, hauteur 8
[Tick 58] Nouveau bloc accepté: greedy_1_5 de greedy_1, hauteur 9
[Tick 60] Tentative de minage au tick 60
[Tick 60] Choix du parent: conservative_1_1 (hauteur 9)
[Tick 60] Bloc rejeté: logging_0_2 de basic_2
[Tick 61] Nouveau bloc accepté: adaptive_0_3 de basic_2, hauteur 8
[Tick 61] Nouveau bloc accepté: basic_2_3 de basic_2, hauteur 9
[Tick 61] Nouveau bloc accepté: basic_0_3 de greedy_0, hauteur 9
[Tick 63] Nouveau bloc accepté: EMKAMA_0_4 de greedy_0, hauteur 5
[Tick 64] Nouveau bloc accepté: greedy_0_4 de basic_2, hauteur 10
[Tick 66] Nouveau bloc accepté: EMKAMA_0_5 de adaptive_0, hauteur 6
[Tick 67] Bloc rejeté: logging_0_3 de basic_0
[Tick 68] Nouveau bloc accepté: basic_1_3 de basic_2, hauteur 10
[Tick 69] Nouveau bloc accepté: greedy_1_6 de greedy_1, hauteur 10
[Tick 69] Nouveau bloc accepté: basic_0_4 de basic_0, hauteur 11
[Tick 70] Tentative de minage au tick 70
[Tick 73] Nouveau bloc accepté: greedy_0_5 de basic_0, hauteur 11
[Tick 74] Nouveau bloc accepté: conservative_0_2 de conservative_0, hauteur 11
[Tick 74] Nouveau bloc accepté: EMKAMA_0_6 de basic_2, hauteur 7
[Tick 76] Nouveau bloc accepté: basic_2_4 de EMKAMA_0, hauteur 12
[Tick 78] Choix du parent: basic_2_4 (hauteur 12)
[Tick 80] Tentative de minage au tick 80
[Tick 80] Nouveau bloc accepté: adaptive_0_4 de EMKAMA_0, hauteur 12
[Tick 83] Nouveau bloc accepté: conservative_1_2 de adaptive_0, hauteur 11
[Tick 83] Nouveau bloc accepté: EMKAMA_0_7 de EMKAMA_0, hauteur 8
[Tick 89] Bloc rejeté: logging_0_4 de greedy_0
[Tick 89] Bloc rejeté: adaptive_0_5 de adaptive_0
[Tick 89] Nouveau bloc accepté: greedy_0_6 de basic_0, hauteur 12
[Tick 90] Tentative de minage au tick 90
[Tick 90] Nouveau bloc accepté: basic_1_4 de basic_1, hauteur 11
[Tick 91] Choix du parent: logging_0_4 (hauteur 13)
[Tick 92] Nouveau bloc accepté: greedy_1_7 de greedy_1, hauteur 13
[Tick 92] Bloc rejeté: conservative_0_3 de conservative_0
[Tick 93] Nouveau bloc accepté: basic_0_5 de basic_0, hauteur 13
[Tick 95] Nouveau bloc accepté: conservative_1_3 de EMKAMA_0, hauteur 15
[Tick 96] Bloc rejeté: logging_0_5 de greedy_1
[Tick 98] Nouveau bloc accepté: basic_2_5 de basic_2, hauteur 15
[Tick 98] Nouveau bloc accepté: greedy_0_7 de EMKAMA_0, hauteur 14
[Tick 98] Nouveau bloc accepté: adaptive_0_6 de adaptive_0, hauteur 15
[Tick 99] Nouveau bloc accepté: basic_1_5 de basic_1, hauteur 14
[Tick 99] Nouveau bloc accepté: greedy_1_8 de adaptive_0, hauteur 14
[Tick 100] Tentative de minage au tick 100
[Tick 100] Bloc rejeté: EMKAMA_0_9 de EMKAMA_0
[Tick 102] Nouveau bloc accepté: EMKAMA_0_8 de EMKAMA_0, hauteur 9
[Tick 102] Nouveau bloc accepté: basic_0_6 de adaptive_0, hauteur 15
[Tick 105] Choix du parent: conservative_1_3 (hauteur 15)
[Tick 105] Nouveau bloc accepté: greedy_0_8 de basic_2, hauteur 15
[Tick 105] Nouveau bloc accepté: greedy_1_9 de basic_1, hauteur 16
[Tick 108] Nouveau bloc accepté: EMKAMA_0_10 de basic_0, hauteur 11
[Tick 109] Nouveau bloc accepté: basic_1_6 de greedy_1, hauteur 16
[Tick 110] Tentative de minage au tick 110
[Tick 113] Nouveau bloc accepté: greedy_1_10 de greedy_1, hauteur 17
[Tick 114] Nouveau bloc accepté: basic_0_7 de basic_1, hauteur 17
[Tick 115] Bloc rejeté: logging_0_6 de adaptive_0
[Tick 116] Nouveau bloc accepté: conservative_1_4 de greedy_1, hauteur 17
[Tick 117] Nouveau bloc accepté: basic_2_6 de EMKAMA_0, hauteur 17
[Tick 117] Nouveau bloc accepté: conservative_0_4 de basic_1, hauteur 17
[Tick 119] Choix du parent: greedy_1_10 (hauteur 17)
[Tick 119] Nouveau bloc accepté: adaptive_0_7 de basic_2, hauteur 18
[Tick 119] Nouveau bloc accepté: EMKAMA_0_11 de EMKAMA_0, hauteur 12
[Tick 119] Nouveau bloc accepté: basic_2_7 de greedy_0, hauteur 19
[Tick 120] Tentative de minage au tick 120
[Tick 120] Nouveau bloc accepté: greedy_0_9 de greedy_1, hauteur 17
[Tick 123] Bloc rejeté: greedy_0_10 de greedy_0
[Tick 125] Bloc rejeté: logging_0_7 de greedy_1
[Tick 127] Nouveau bloc accepté: EMKAMA_0_12 de EMKAMA_0, hauteur 13
[Tick 129] Nouveau bloc accepté: basic_0_8 de basic_0, hauteur 18
[Tick 130] Tentative de minage au tick 130
[Tick 130] Bloc rejeté: conservative_1_5 de conservative_1
[Tick 130] Bloc rejeté: basic_1_8 de basic_1
[Tick 131] Choix du parent: basic_2_7 (hauteur 19)
[Tick 131] Bloc rejeté: greedy_1_12 de greedy_1
[Tick 131] Nouveau bloc accepté: basic_2_8 de basic_0, hauteur 20
[Tick 132] Nouveau bloc accepté: basic_1_7 de adaptive_0, hauteur 19
[Tick 133] Nouveau bloc accepté: greedy_1_11 de greedy_0, hauteur 20
[Tick 139] Bloc rejeté: logging_0_8 de basic_2
[Tick 140] Tentative de minage au tick 140
[Tick 140] Nouveau bloc accepté: conservative_0_5 de conservative_0, hauteur 21
[Tick 140] Nouveau bloc accepté: basic_2_9 de basic_2, hauteur 21
[Tick 140] Nouveau bloc accepté: greedy_0_11 de basic_2, hauteur 22
[Tick 140] Nouveau bloc accepté: EMKAMA_0_13 de basic_2, hauteur 14
[Tick 141] Nouveau bloc accepté: adaptive_0_8 de basic_2, hauteur 21
[Tick 142] Nouveau bloc accepté: adaptive_0_9 de adaptive_0, hauteur 22
[Tick 144] Nouveau bloc accepté: basic_1_9 de basic_2, hauteur 23
[Tick 147] Nouveau bloc accepté: basic_2_10 de basic_2, hauteur 24
[Tick 149] Choix du parent: basic_2_10 (hauteur 24)
[Tick 150] Tentative de minage au tick 150
[Tick 151] Nouveau bloc accepté: EMKAMA_0_14 de adaptive_0, hauteur 15
[Tick 152] Nouveau bloc accepté: greedy_1_13 de greedy_1, hauteur 22
[Tick 152] Nouveau bloc accepté: conservative_1_6 de basic_2, hauteur 24
[Tick 152] Nouveau bloc accepté: basic_0_9 de basic_1, hauteur 24
[Tick 154] Nouveau bloc accepté: greedy_1_14 de EMKAMA_0, hauteur 23
[Tick 155] Nouveau bloc accepté: conservative_0_6 de basic_0, hauteur 25
[Tick 157] Nouveau bloc accepté: greedy_0_12 de greedy_0, hauteur 25
[Tick 157] Nouveau bloc accepté: basic_1_10 de basic_1, hauteur 26
[Tick 158] Choix du parent: basic_1_10 (hauteur 26)
[Tick 159] Bloc rejeté: logging_0_9 de greedy_1
[Tick 159] Nouveau bloc accepté: greedy_1_15 de greedy_1, hauteur 26
[Tick 159] Nouveau bloc accepté: basic_0_10 de basic_0, hauteur 26
[Tick 160] Tentative de minage au tick 160
[Tick 164] Nouveau bloc accepté: EMKAMA_0_15 de EMKAMA_0, hauteur 16
[Tick 165] Nouveau bloc accepté: adaptive_0_10 de EMKAMA_0, hauteur 26
[Tick 166] Bloc rejeté: logging_0_10 de EMKAMA_0
[Tick 167] Nouveau bloc accepté: greedy_0_13 de greedy_0, hauteur 26
[Tick 168] Nouveau bloc accepté: basic_2_11 de basic_0, hauteur 27
[Tick 169] Choix du parent: logging_0_10 (hauteur 27)
[Tick 170] Tentative de minage au tick 170
[Tick 173] Nouveau bloc accepté: greedy_0_14 de basic_0, hauteur 28
[Tick 173] Nouveau bloc accepté: adaptive_0_11 de basic_1, hauteur 28
[Tick 174] Nouveau bloc accepté: basic_0_11 de basic_0, hauteur 28
[Tick 175] Nouveau bloc accepté: greedy_1_16 de basic_1, hauteur 28
[Tick 176] Choix du parent: logging_0_11 (hauteur 28)
[Tick 176] Nouveau bloc accepté: conservative_0_7 de conservative_0, hauteur 27
[Tick 176] Nouveau bloc accepté: basic_1_11 de greedy_0, hauteur 28
[Tick 177] Bloc rejeté: logging_0_11 de greedy_0
[Tick 180] Tentative de minage au tick 180
[Tick 180] Nouveau bloc accepté: EMKAMA_0_16 de EMKAMA_0, hauteur 17
[Tick 180] Nouveau bloc accepté: basic_2_12 de basic_2, hauteur 30
[Tick 181] Nouveau bloc accepté: basic_1_12 de basic_1, hauteur 29
[Tick 181] Nouveau bloc accepté: conservative_1_7 de conservative_1, hauteur 29
[Tick 181] Bloc rejeté: logging_0_12 de basic_2
[Tick 183] Bloc rejeté: greedy_0_16 de greedy_0
[Tick 186] Nouveau bloc accepté: greedy_0_15 de basic_1, hauteur 29
[Tick 187] Choix du parent: basic_2_12 (hauteur 30)
[Tick 189] Nouveau bloc accepté: EMKAMA_0_17 de EMKAMA_0, hauteur 18
[Tick 190] Tentative de minage au tick 190
[Tick 190] Nouveau bloc accepté: greedy_1_17 de basic_0, hauteur 30
[Tick 191] Nouveau bloc accepté: basic_0_12 de greedy_1, hauteur 29
[Tick 193] Nouveau bloc accepté: greedy_0_17 de greedy_0, hauteur 31
[Tick 194] Nouveau bloc accepté: basic_2_13 de greedy_1, hauteur 31
[Tick 195] Nouveau bloc accepté: conservative_0_8 de EMKAMA_0, hauteur 31
[Tick 196] Nouveau bloc accepté: conservative_1_8 de conservative_1, hauteur 32
[Tick 197] Bloc rejeté: logging_0_13 de basic_2
[Tick 198] Nouveau bloc accepté: basic_0_13 de basic_1, hauteur 31
[Tick 198] Nouveau bloc accepté: greedy_1_18 de EMKAMA_0, hauteur 32
[Tick 199] Nouveau bloc accepté: adaptive_0_12 de adaptive_0, hauteur 32
[Tick 199] Nouveau bloc accepté: basic_2_14 de basic_2, hauteur 33
[Tick 200] Tentative de minage au tick 200
[Tick 203] Choix du parent: basic_2_14 (hauteur 33)
[Tick 203] Nouveau bloc accepté: basic_1_13 de basic_1, hauteur 31
[Tick 203] Nouveau bloc accepté: adaptive_0_13 de adaptive_0, hauteur 33
[Tick 208] Nouveau bloc accepté: EMKAMA_0_18 de adaptive_0, hauteur 19
[Tick 209] Bloc rejeté: basic_0_14 de basic_0
[Tick 210] Tentative de minage au tick 210
[Tick 212] Nouveau bloc accepté: conservative_0_9 de basic_1, hauteur 34
[Tick 214] Nouveau bloc accepté: conservative_1_9 de conservative_1, hauteur 36
[Tick 215] Nouveau bloc accepté: EMKAMA_0_19 de EMKAMA_0, hauteur 20
[Tick 215] Nouveau bloc accepté: basic_1_14 de basic_1, hauteur 36
[Tick 217] Choix du parent: conservative_1_9 (hauteur 36)
[Tick 217] Nouveau bloc accepté: greedy_1_19 de greedy_0, hauteur 35
[Tick 218] Nouveau bloc accepté: greedy_0_18 de greedy_0, hauteur 33
[Tick 218] Nouveau bloc accepté: greedy_1_20 de greedy_1, hauteur 37
[Tick 220] Tentative de minage au tick 220
[Tick 220] Bloc rejeté: logging_0_14 de adaptive_0
[Tick 223] Nouveau bloc accepté: adaptive_0_14 de basic_1, hauteur 35
[Tick 224] Nouveau bloc accepté: basic_2_15 de basic_2, hauteur 35
[Tick 225] Choix du parent: logging_0_15 (hauteur 37)
[Tick 225] Nouveau bloc accepté: EMKAMA_0_20 de EMKAMA_0, hauteur 21
[Tick 226] Nouveau bloc accepté: greedy_0_19 de greedy_0, hauteur 36
[Tick 227] Nouveau bloc accepté: basic_0_15 de basic_0, hauteur 36
[Tick 230] Tentative de minage au tick 230
[Tick 230] Nouveau bloc accepté: basic_0_16 de basic_1, hauteur 38
[Tick 233] Nouveau bloc accepté: conservative_0_10 de basic_1, hauteur 38
[Tick 233] Nouveau bloc accepté: basic_2_16 de EMKAMA_0, hauteur 39
[Tick 233] Nouveau bloc accepté: EMKAMA_0_21 de greedy_0, hauteur 22
[Tick 234] Choix du parent: basic_2_16 (hauteur 39)
[Tick 234] Nouveau bloc accepté: greedy_0_20 de greedy_0, hauteur 38
[Tick 235] Bloc rejeté: logging_0_15 de EMKAMA_0
[Tick 236] Nouveau bloc accepté: conservative_1_10 de adaptive_0, hauteur 38
[Tick 236] Nouveau bloc accepté: basic_1_15 de EMKAMA_0, hauteur 39
[Tick 237] Nouveau bloc accepté: basic_0_17 de basic_0, hauteur 39
[Tick 239] Nouveau bloc accepté: adaptive_0_15 de basic_2, hauteur 39
[Tick 240] Tentative de minage au tick 240
[Tick 240] Nouveau bloc accepté: greedy_1_22 de greedy_1, hauteur 40
[Tick 241] Nouveau bloc accepté: EMKAMA_0_22 de basic_0, hauteur 23
[Tick 242] Nouveau bloc accepté: greedy_1_21 de basic_2, hauteur 38
[Tick 242] Bloc rejeté: logging_0_17 de greedy_0
[Tick 245] Nouveau bloc accepté: greedy_0_21 de adaptive_0, hauteur 39
[Tick 246] Bloc rejeté: logging_0_16 de EMKAMA_0
[Tick 248] Choix du parent: logging_0_17 (hauteur 40)
[Tick 248] Nouveau bloc accepté: basic_2_17 de greedy_0, hauteur 41
[Tick 249] Nouveau bloc accepté: EMKAMA_0_23 de EMKAMA_0, hauteur 24
[Tick 249] Bloc rejeté: greedy_0_23 de greedy_0
[Tick 250] Tentative de minage au tick 250
[Tick 250] Nouveau bloc accepté: greedy_0_22 de adaptive_0, hauteur 41
[Tick 252] Nouveau bloc accepté: adaptive_0_16 de adaptive_0, hauteur 43
[Tick 252] Nouveau bloc accepté: basic_0_18 de adaptive_0, hauteur 41
[Tick 254] Nouveau bloc accepté: conservative_0_11 de basic_1, hauteur 42
[Tick 254] Nouveau bloc accepté: greedy_1_23 de greedy_1, hauteur 42
[Tick 255] Nouveau bloc accepté: conservative_1_11 de basic_2, hauteur 40
[Tick 260] Tentative de minage au tick 260
[Tick 261] Nouveau bloc accepté: greedy_0_24 de basic_0, hauteur 43
[Tick 262] Nouveau bloc accepté: basic_1_16 de basic_0, hauteur 43
[Tick 263] Choix du parent: adaptive_0_16 (hauteur 43)
[Tick 263] Bloc rejeté: logging_0_18 de adaptive_0
[Tick 265] Nouveau bloc accepté: basic_1_17 de basic_1, hauteur 44
[Tick 268] Nouveau bloc accepté: greedy_1_24 de basic_0, hauteur 43
[Tick 268] Bloc rejeté: greedy_0_25 de greedy_0
[Tick 268] Nouveau bloc accepté: adaptive_0_17 de basic_2, hauteur 44
[Tick 270] Tentative de minage au tick 270
[Tick 270] Bloc rejeté: logging_0_19 de basic_2
[Tick 272] Nouveau bloc accepté: basic_0_19 de EMKAMA_0, hauteur 44
[Tick 275] Nouveau bloc accepté: basic_2_18 de greedy_1, hauteur 44
[Tick 275] Nouveau bloc accepté: EMKAMA_0_24 de basic_1, hauteur 25
[Tick 275] Nouveau bloc accepté: conservative_0_12 de conservative_0, hauteur 45
[Tick 276] Nouveau bloc accepté: basic_0_20 de basic_0, hauteur 45
[Tick 278] Nouveau bloc accepté: EMKAMA_0_25 de EMKAMA_0, hauteur 26
[Tick 280] Tentative de minage au tick 280
[Tick 280] Choix du parent: greedy_0_25 (hauteur 45)
[Tick 280] Nouveau bloc accepté: conservative_1_12 de basic_2, hauteur 45
[Tick 281] Nouveau bloc accepté: greedy_1_25 de greedy_0, hauteur 46
[Tick 282] Nouveau bloc accepté: basic_2_19 de basic_1, hauteur 46
[Tick 286] Nouveau bloc accepté: greedy_0_26 de greedy_0, hauteur 46
[Tick 286] Nouveau bloc accepté: basic_1_18 de basic_2, hauteur 47
[Tick 287] Nouveau bloc accepté: greedy_0_27 de greedy_0, hauteur 47
[Tick 288] Nouveau bloc accepté: adaptive_0_18 de adaptive_0, hauteur 47
[Tick 290] Tentative de minage au tick 290
[Tick 292] Bloc rejeté: logging_0_20 de EMKAMA_0
[Tick 294] Nouveau bloc accepté: basic_2_20 de greedy_1, hauteur 47
[Tick 294] Nouveau bloc accepté: EMKAMA_0_26 de basic_1, hauteur 27
[Tick 294] Nouveau bloc accepté: basic_0_21 de adaptive_0, hauteur 48
[Tick 297] Nouveau bloc accepté: EMKAMA_0_27 de EMKAMA_0, hauteur 28
[Tick 298] Nouveau bloc accepté: greedy_1_26 de greedy_1, hauteur 48
[Tick 300] Tentative de minage au tick 300
[Tick 300] Nouveau bloc accepté: conservative_0_13 de conservative_0, hauteur 48
[Tick 301] Nouveau bloc accepté: greedy_0_28 de greedy_0, hauteur 48
[Tick 302] Choix du parent: basic_0_21 (hauteur 48)
[Tick 303] Nouveau bloc accepté: conservative_1_13 de conservative_1, hauteur 49
[Tick 303] Nouveau bloc accepté: adaptive_0_19 de adaptive_0, hauteur 49
[Tick 303] Nouveau bloc accepté: greedy_1_27 de greedy_0, hauteur 49
[Tick 303] Nouveau bloc accepté: basic_2_21 de basic_2, hauteur 49
[Tick 306] Nouveau bloc accepté: basic_1_19 de basic_1, hauteur 49
[Tick 308] Nouveau bloc accepté: greedy_0_29 de greedy_1, hauteur 50
[Tick 310] Tentative de minage au tick 310
[Tick 313] Nouveau bloc accepté: basic_0_22 de basic_0, hauteur 49
[Tick 313] Nouveau bloc accepté: greedy_1_28 de greedy_1, hauteur 51
[Tick 317] Nouveau bloc accepté: EMKAMA_0_28 de greedy_0, hauteur 29
[Tick 318] Bloc rejeté: logging_0_21 de basic_2
[Tick 318] Nouveau bloc accepté: adaptive_0_20 de EMKAMA_0, hauteur 50
[Tick 319] Nouveau bloc accepté: greedy_0_30 de basic_1, hauteur 51
[Tick 320] Tentative de minage au tick 320
[Tick 321] Nouveau bloc accepté: conservative_1_14 de conservative_1, hauteur 51
[Tick 322] Choix du parent: greedy_1_28 (hauteur 51)
[Tick 322] Nouveau bloc accepté: basic_0_23 de EMKAMA_0, hauteur 52
[Tick 323] Nouveau bloc accepté: basic_1_20 de basic_1, hauteur 52
[Tick 323] Nouveau bloc accepté: basic_2_22 de greedy_1, hauteur 51
[Tick 325] Nouveau bloc accepté: conservative_0_14 de conservative_0, hauteur 51
[Tick 326] Nouveau bloc accepté: EMKAMA_0_29 de EMKAMA_0, hauteur 30
[Tick 326] Nouveau bloc accepté: greedy_0_31 de greedy_0, hauteur 53
[Tick 328] Nouveau bloc accepté: adaptive_0_21 de adaptive_0, hauteur 52
[Tick 330] Tentative de minage au tick 330
[Tick 330] Nouveau bloc accepté: basic_0_24 de basic_0, hauteur 53
[Tick 331] Nouveau bloc accepté: conservative_1_15 de conservative_1, hauteur 54
[Tick 333] Nouveau bloc accepté: greedy_1_29 de greedy_1, hauteur 53
[Tick 333] Bloc rejeté: logging_0_22 de adaptive_0
[Tick 334] Nouveau bloc accepté: EMKAMA_0_30 de greedy_0, hauteur 31
[Tick 336] Bloc rejeté: basic_2_24 de basic_2
[Tick 337] Nouveau bloc accepté: basic_2_23 de basic_0, hauteur 53
[Tick 338] Nouveau bloc accepté: basic_1_21 de EMKAMA_0, hauteur 54
[Tick 339] Nouveau bloc accepté: conservative_0_15 de conservative_0, hauteur 54
[Tick 340] Tentative de minage au tick 340
[Tick 340] Nouveau bloc accepté: greedy_1_30 de greedy_1, hauteur 54
[Tick 341] Nouveau bloc accepté: greedy_0_32 de basic_0, hauteur 55
[Tick 343] Choix du parent: basic_2_24 (hauteur 55)
[Tick 343] Nouveau bloc accepté: EMKAMA_0_31 de EMKAMA_0, hauteur 32
[Tick 346] Nouveau bloc accepté: greedy_0_33 de greedy_0, hauteur 56
[Tick 347] Nouveau bloc accepté: EMKAMA_0_32 de EMKAMA_0, hauteur 33
[Tick 347] Nouveau bloc accepté: greedy_1_31 de basic_1, hauteur 56
[Tick 349] Nouveau bloc accepté: basic_0_25 de EMKAMA_0, hauteur 56
[Tick 350] Tentative de minage au tick 350
[Tick 351] Nouveau bloc accepté: adaptive_0_22 de basic_1, hauteur 55
[Tick 354] Nouveau bloc accepté: greedy_0_34 de greedy_0, hauteur 57
[Tick 356] Nouveau bloc accepté: basic_1_22 de basic_0, hauteur 57
[Tick 356] Nouveau bloc accepté: conservative_1_16 de EMKAMA_0, hauteur 58
[Tick 357] Nouveau bloc accepté: conservative_0_16 de EMKAMA_0, hauteur 57
[Tick 358] Nouveau bloc accepté: basic_2_25 de basic_2, hauteur 58
[Tick 359] Choix du parent: conservative_1_16 (hauteur 58)
[Tick 359] Bloc rejeté: logging_0_23 de adaptive_0
[Tick 360] Tentative de minage au tick 360
[Tick 361] Nouveau bloc accepté: EMKAMA_0_33 de adaptive_0, hauteur 34
[Tick 364] Nouveau bloc accepté: basic_0_26 de basic_0, hauteur 58
[Tick 364] Nouveau bloc accepté: basic_0_27 de basic_0, hauteur 59
[Tick 364] Nouveau bloc accepté: greedy_1_32 de adaptive_0, hauteur 58
[Tick 364] Nouveau bloc accepté: adaptive_0_24 de adaptive_0, hauteur 60
[Tick 365] Nouveau bloc accepté: adaptive_0_23 de adaptive_0, hauteur 56
[Tick 365] Bloc rejeté: logging_0_24 de greedy_1
[Tick 366] Nouveau bloc accepté: EMKAMA_0_34 de EMKAMA_0, hauteur 35
[Tick 368] Choix du parent: adaptive_0_24 (hauteur 60)
[Tick 369] Nouveau bloc accepté: conservative_0_17 de adaptive_0, hauteur 60
[Tick 370] Tentative de minage au tick 370
[Tick 372] Nouveau bloc accepté: greedy_0_35 de basic_1, hauteur 59
[Tick 373] Nouveau bloc accepté: conservative_1_17 de conservative_1, hauteur 61
[Tick 374] Nouveau bloc accepté: greedy_1_33 de EMKAMA_0, hauteur 60
[Tick 374] Nouveau bloc accepté: basic_2_26 de basic_2, hauteur 61
[Tick 377] Choix du parent: logging_0_25 (hauteur 61)
[Tick 378] Bloc rejeté: logging_0_25 de EMKAMA_0
[Tick 379] Nouveau bloc accepté: basic_1_23 de greedy_0, hauteur 61
[Tick 380] Tentative de minage au tick 380
[Tick 380] Bloc rejeté: greedy_1_35 de greedy_1
[Tick 382] Nouveau bloc accepté: basic_0_28 de adaptive_0, hauteur 60
[Tick 383] Bloc rejeté: greedy_0_37 de greedy_0
[Tick 384] Nouveau bloc accepté: EMKAMA_0_35 de EMKAMA_0, hauteur 36
[Tick 384] Bloc rejeté: logging_0_26 de EMKAMA_0
[Tick 387] Nouveau bloc accepté: adaptive_0_25 de basic_0, hauteur 62
[Tick 388] Nouveau bloc accepté: greedy_0_36 de greedy_0, hauteur 62
[Tick 388] Nouveau bloc accepté: greedy_1_34 de adaptive_0, hauteur 62
[Tick 388] Bloc rejeté: EMKAMA_0_37 de EMKAMA_0
[Tick 389] Nouveau bloc accepté: basic_1_24 de EMKAMA_0, hauteur 63
[Tick 389] Nouveau bloc accepté: conservative_1_18 de adaptive_0, hauteur 64
[Tick 390] Tentative de minage au tick 390
[Tick 393] Choix du parent: conservative_1_18 (hauteur 64)
[Tick 393] Nouveau bloc accepté: EMKAMA_0_36 de adaptive_0, hauteur 37
[Tick 393] Nouveau bloc accepté: greedy_0_38 de greedy_0, hauteur 65
[Tick 394] Nouveau bloc accepté: basic_2_27 de basic_2, hauteur 63
[Tick 394] Nouveau bloc accepté: conservative_0_18 de greedy_1, hauteur 63
[Tick 396] Nouveau bloc accepté: basic_0_29 de basic_0, hauteur 64
[Tick 398] Bloc rejeté: logging_0_27 de basic_0
[Tick 400] Tentative de minage au tick 400
[Tick 400] Nouveau bloc accepté: adaptive_0_26 de adaptive_0, hauteur 65
[Tick 402] Nouveau bloc accepté: basic_2_28 de basic_2, hauteur 65
[Tick 404] Nouveau bloc accepté: greedy_1_36 de basic_2, hauteur 65
[Tick 405] Nouveau bloc accepté: greedy_0_39 de greedy_1, hauteur 66
[Tick 406] Nouveau bloc accepté: basic_1_25 de basic_1, hauteur 66
[Tick 408] Nouveau bloc accepté: EMKAMA_0_38 de basic_0, hauteur 39
[Tick 410] Tentative de minage au tick 410
[Tick 410] Nouveau bloc accepté: basic_0_30 de basic_0, hauteur 66
[Tick 411] Choix du parent: greedy_0_39 (hauteur 66)
[Tick 411] Nouveau bloc accepté: basic_2_29 de basic_2, hauteur 67
[Tick 414] Bloc rejeté: logging_0_28 de adaptive_0
[Tick 415] Nouveau bloc accepté: greedy_0_40 de basic_1, hauteur 67
[Tick 416] Nouveau bloc accepté: conservative_0_19 de basic_0, hauteur 67
[Tick 417] Bloc rejeté: conservative_1_19 de conservative_1
[Tick 418] Nouveau bloc accepté: EMKAMA_0_39 de adaptive_0, hauteur 40
[Tick 418] Bloc rejeté: greedy_1_38 de EMKAMA_0
[Tick 418] Nouveau bloc accepté: greedy_0_41 de greedy_0, hauteur 68
[Tick 420] Tentative de minage au tick 420
[Tick 420] Nouveau bloc accepté: greedy_1_37 de basic_0, hauteur 67
[Tick 420] Nouveau bloc accepté: basic_0_31 de EMKAMA_0, hauteur 68
[Tick 425] Nouveau bloc accepté: adaptive_0_27 de adaptive_0, hauteur 68
[Tick 429] Nouveau bloc accepté: adaptive_0_28 de basic_0, hauteur 69
[Tick 430] Tentative de minage au tick 430
[Tick 430] Choix du parent: adaptive_0_28 (hauteur 69)
[Tick 430] Nouveau bloc accepté: greedy_0_42 de greedy_1, hauteur 69
[Tick 432] Nouveau bloc accepté: greedy_0_43 de greedy_0, hauteur 70
[Tick 432] Nouveau bloc accepté: greedy_1_39 de basic_2, hauteur 69
[Tick 434] Nouveau bloc accepté: greedy_1_40 de greedy_1, hauteur 70
[Tick 435] Nouveau bloc accepté: basic_1_26 de EMKAMA_0, hauteur 69
[Tick 435] Bloc rejeté: basic_0_32 de basic_0
[Tick 436] Nouveau bloc accepté: EMKAMA_0_40 de EMKAMA_0, hauteur 41
[Tick 437] Bloc rejeté: logging_0_29 de EMKAMA_0
[Tick 438] Nouveau bloc accepté: conservative_0_20 de adaptive_0, hauteur 70
[Tick 438] Nouveau bloc accepté: greedy_0_44 de greedy_0, hauteur 71
[Tick 440] Tentative de minage au tick 440
[Tick 441] Nouveau bloc accepté: basic_2_30 de basic_2, hauteur 71
[Tick 442] Nouveau bloc accepté: conservative_1_20 de adaptive_0, hauteur 70
[Tick 442] Nouveau bloc accepté: basic_1_27 de basic_1, hauteur 71
[Tick 443] Nouveau bloc accepté: EMKAMA_0_41 de basic_1, hauteur 42
[Tick 446] Nouveau bloc accepté: greedy_1_41 de EMKAMA_0, hauteur 71
[Tick 447] Nouveau bloc accepté: EMKAMA_0_42 de greedy_0, hauteur 43
[Tick 448] Nouveau bloc accepté: adaptive_0_29 de adaptive_0, hauteur 72
[Tick 448] Nouveau bloc accepté: greedy_0_45 de greedy_0, hauteur 72
[Tick 450] Tentative de minage au tick 450
[Tick 451] Nouveau bloc accepté: basic_0_33 de basic_0, hauteur 72
[Tick 452] Choix du parent: adaptive_0_29 (hauteur 72)
[Tick 452] Nouveau bloc accepté: conservative_1_21 de greedy_1, hauteur 72
[Tick 453] Nouveau bloc accepté: conservative_0_21 de adaptive_0, hauteur 72
[Tick 456] Bloc rejeté: logging_0_30 de basic_0
[Tick 457] Nouveau bloc accepté: greedy_0_46 de greedy_0, hauteur 74
[Tick 458] Nouveau bloc accepté: basic_2_31 de basic_0, hauteur 72
[Tick 460] Tentative de minage au tick 460
[Tick 460] Nouveau bloc accepté: greedy_1_42 de greedy_1, hauteur 74
[Tick 461] Nouveau bloc accepté: basic_1_28 de basic_2, hauteur 73
[Tick 462] Bloc rejeté: basic_2_32 de basic_2
[Tick 462] Nouveau bloc accepté: EMKAMA_0_43 de basic_2, hauteur 44
[Tick 463] Bloc rejeté: greedy_1_43 de greedy_1
[Tick 464] Nouveau bloc accepté: basic_0_34 de basic_2, hauteur 74
[Tick 468] Choix du parent: basic_2_32 (hauteur 75)
[Tick 468] Nouveau bloc accepté: adaptive_0_30 de greedy_0, hauteur 75
[Tick 469] Nouveau bloc accepté: greedy_0_47 de greedy_0, hauteur 76
[Tick 470] Tentative de minage au tick 470
[Tick 471] Nouveau bloc accepté: basic_0_35 de basic_0, hauteur 76
[Tick 471] Nouveau bloc accepté: conservative_1_22 de adaptive_0, hauteur 76
[Tick 473] Nouveau bloc accepté: greedy_1_44 de greedy_1, hauteur 77
[Tick 475] Nouveau bloc accepté: basic_1_29 de basic_1, hauteur 77
[Tick 475] Bloc rejeté: logging_0_31 de adaptive_0
[Tick 476] Nouveau bloc accepté: basic_2_34 de basic_2, hauteur 78
[Tick 477] Nouveau bloc accepté: EMKAMA_0_44 de adaptive_0, hauteur 45
[Tick 478] Nouveau bloc accepté: EMKAMA_0_45 de EMKAMA_0, hauteur 46
[Tick 478] Nouveau bloc accepté: basic_2_33 de greedy_0, hauteur 76
[Tick 478] Nouveau bloc accepté: adaptive_0_31 de basic_0, hauteur 77
[Tick 479] Nouveau bloc accepté: basic_1_30 de basic_2, hauteur 78
[Tick 480] Tentative de minage au tick 480
[Tick 480] Nouveau bloc accepté: conservative_0_22 de EMKAMA_0, hauteur 76
[Tick 481] Choix du parent: basic_2_34 (hauteur 78)
[Tick 482] Nouveau bloc accepté: basic_0_36 de basic_0, hauteur 78
[Tick 482] Nouveau bloc accepté: greedy_0_48 de greedy_0, hauteur 78
[Tick 486] Bloc rejeté: logging_0_32 de greedy_1
[Tick 487] Nouveau bloc accepté: EMKAMA_0_46 de basic_2, hauteur 47
[Tick 487] Nouveau bloc accepté: basic_1_31 de basic_1, hauteur 79
[Tick 488] Bloc rejeté: conservative_0_23 de basic_1
[Tick 488] Bloc rejeté: adaptive_0_32 de adaptive_0
[Tick 490] Tentative de minage au tick 490
[Tick 492] Nouveau bloc accepté: basic_2_35 de basic_2, hauteur 80
[Tick 493] Nouveau bloc accepté: greedy_0_50 de greedy_0, hauteur 81
[Tick 494] Nouveau bloc accepté: greedy_1_45 de basic_1, hauteur 78
[Tick 496] Nouveau bloc accepté: greedy_0_49 de greedy_0, hauteur 79
[Tick 499] Nouveau bloc accepté: greedy_1_46 de EMKAMA_0, hauteur 80
[Tick 500] Tentative de minage au tick 500
[Tick 503] Bloc rejeté: greedy_1_47 de greedy_1
[Tick 504] Choix du parent: greedy_0_50 (hauteur 81)
[Tick 506] Nouveau bloc accepté: conservative_1_23 de greedy_0, hauteur 80
[Tick 507] Nouveau bloc accepté: basic_0_37 de basic_0, hauteur 80
[Tick 507] Nouveau bloc accepté: EMKAMA_0_47 de greedy_1, hauteur 48
[Tick 508] Nouveau bloc accepté: basic_1_32 de greedy_0, hauteur 81
[Tick 508] Nouveau bloc accepté: conservative_0_24 de conservative_0, hauteur 82
[Tick 508] Nouveau bloc accepté: basic_1_33 de basic_1, hauteur 82
[Tick 510] Tentative de minage au tick 510
[Tick 512] Nouveau bloc accepté: conservative_1_24 de greedy_1, hauteur 82
[Tick 512] Nouveau bloc accepté: greedy_0_51 de basic_0, hauteur 82
[Tick 514] Nouveau bloc accepté: EMKAMA_0_48 de adaptive_0, hauteur 49
[Tick 514] Nouveau bloc accepté: basic_2_36 de greedy_0, hauteur 83
[Tick 516] Nouveau bloc accepté: adaptive_0_33 de adaptive_0, hauteur 83
[Tick 517] Bloc rejeté: logging_0_33 de EMKAMA_0
[Tick 517] Nouveau bloc accepté: greedy_1_48 de greedy_1, hauteur 84
[Tick 518] Nouveau bloc accepté: EMKAMA_0_49 de basic_0, hauteur 50
[Tick 519] Nouveau bloc accepté: basic_0_38 de basic_0, hauteur 82
[Tick 520] Tentative de minage au tick 520
[Tick 520] Choix du parent: greedy_1_48 (hauteur 84)
[Tick 522] Nouveau bloc accepté: greedy_0_52 de basic_1, hauteur 83
[Tick 527] Nouveau bloc accepté: basic_0_39 de basic_0, hauteur 85
[Tick 527] Nouveau bloc accepté: adaptive_0_34 de EMKAMA_0, hauteur 85
[Tick 528] Nouveau bloc accepté: greedy_1_49 de greedy_0, hauteur 85
[Tick 528] Nouveau bloc accepté: greedy_1_50 de greedy_0, hauteur 86
[Tick 530] Tentative de minage au tick 530
[Tick 530] Bloc rejeté: logging_0_34 de adaptive_0
[Tick 531] Nouveau bloc accepté: greedy_0_53 de greedy_0, hauteur 85
[Tick 532] Bloc rejeté: EMKAMA_0_51 de EMKAMA_0
[Tick 535] Bloc rejeté: conservative_1_25 de EMKAMA_0
[Tick 536] Bloc rejeté: basic_1_35 de basic_1
[Tick 537] Nouveau bloc accepté: conservative_0_25 de greedy_1, hauteur 86
[Tick 538] Nouveau bloc accepté: basic_1_34 de basic_1, hauteur 86
[Tick 538] Nouveau bloc accepté: basic_0_40 de basic_2, hauteur 87
[Tick 540] Tentative de minage au tick 540
[Tick 540] Nouveau bloc accepté: adaptive_0_35 de greedy_1, hauteur 87
[Tick 540] Bloc rejeté: EMKAMA_0_52 de EMKAMA_0
[Tick 540] Nouveau bloc accepté: basic_2_37 de EMKAMA_0, hauteur 87
[Tick 541] Choix du parent: basic_1_35 (hauteur 88)
[Tick 542] Nouveau bloc accepté: EMKAMA_0_50 de EMKAMA_0, hauteur 51
[Tick 542] Nouveau bloc accepté: greedy_0_54 de greedy_0, hauteur 87
[Tick 544] Nouveau bloc accepté: greedy_1_51 de basic_1, hauteur 88
[Tick 547] Nouveau bloc accepté: conservative_1_26 de conservative_1, hauteur 89
[Tick 548] Bloc rejeté: logging_0_35 de basic_1
[Tick 549] Nouveau bloc accepté: greedy_0_55 de greedy_0, hauteur 89
[Tick 550] Tentative de minage au tick 550
[Tick 552] Nouveau bloc accepté: greedy_0_56 de EMKAMA_0, hauteur 90
[Tick 553] Nouveau bloc accepté: basic_0_41 de adaptive_0, hauteur 89
[Tick 554] Bloc rejeté: adaptive_0_36 de basic_0
[Tick 554] Nouveau bloc accepté: basic_1_36 de basic_0, hauteur 90
[Tick 555] Nouveau bloc accepté: conservative_0_26 de EMKAMA_0, hauteur 89
[Tick 556] Nouveau bloc accepté: basic_2_38 de basic_2, hauteur 91
[Tick 556] Nouveau bloc accepté: EMKAMA_0_53 de greedy_0, hauteur 54
[Tick 557] Nouveau bloc accepté: greedy_1_52 de basic_2, hauteur 90
[Tick 559] Choix du parent: basic_2_38 (hauteur 91)
[Tick 559] Nouveau bloc accepté: basic_0_42 de basic_2, hauteur 91
[Tick 560] Tentative de minage au tick 560
[Tick 565] Bloc rejeté: greedy_0_58 de greedy_0
[Tick 566] Choix du parent: logging_0_36 (hauteur 92)
[Tick 566] Bloc rejeté: basic_2_39 de basic_2
[Tick 567] Bloc rejeté: logging_0_36 de basic_2
[Tick 568] Nouveau bloc accepté: EMKAMA_0_54 de EMKAMA_0, hauteur 55
[Tick 570] Tentative de minage au tick 570
[Tick 571] Nouveau bloc accepté: conservative_0_27 de basic_0, hauteur 93
[Tick 572] Nouveau bloc accepté: greedy_1_53 de greedy_1, hauteur 92
[Tick 572] Nouveau bloc accepté: greedy_0_57 de basic_1, hauteur 91
[Tick 572] Nouveau bloc accepté: adaptive_0_37 de adaptive_0, hauteur 94
[Tick 572] Nouveau bloc accepté: conservative_1_27 de greedy_1, hauteur 93
[Tick 573] Nouveau bloc accepté: greedy_0_59 de greedy_0, hauteur 93
[Tick 574] Choix du parent: adaptive_0_37 (hauteur 94)
[Tick 576] Nouveau bloc accepté: EMKAMA_0_55 de adaptive_0, hauteur 56
[Tick 577] Bloc rejeté: logging_0_37 de greedy_1
[Tick 578] Nouveau bloc accepté: basic_1_37 de basic_1, hauteur 94
[Tick 580] Tentative de minage au tick 580
[Tick 581] Nouveau bloc accepté: basic_0_43 de basic_1, hauteur 93
[Tick 585] Nouveau bloc accepté: basic_0_44 de basic_2, hauteur 96
[Tick 586] Nouveau bloc accepté: adaptive_0_38 de adaptive_0, hauteur 95
[Tick 588] Nouveau bloc accepté: greedy_1_54 de greedy_1, hauteur 94
[Tick 588] Bloc rejeté: conservative_1_28 de conservative_1
[Tick 589] Nouveau bloc accepté: EMKAMA_0_56 de EMKAMA_0, hauteur 57
[Tick 589] Nouveau bloc accepté: conservative_0_28 de conservative_0, hauteur 96
[Tick 590] Tentative de minage au tick 590
[Tick 590] Bloc rejeté: logging_0_38 de basic_0
[Tick 590] Nouveau bloc accepté: basic_2_40 de basic_2, hauteur 95
[Tick 590] Nouveau bloc accepté: basic_2_41 de basic_2, hauteur 97
[Tick 591] Choix du parent: basic_2_41 (hauteur 97)
[Tick 591] Nouveau bloc accepté: greedy_0_60 de greedy_0, hauteur 96
[Tick 595] Bloc rejeté: adaptive_0_39 de adaptive_0
[Tick 595] Nouveau bloc accepté: greedy_1_56 de greedy_1, hauteur 99
[Tick 596] Nouveau bloc accepté: greedy_0_61 de EMKAMA_0, hauteur 97
[Tick 598] Nouveau bloc accepté: greedy_1_55 de greedy_1, hauteur 96
[Tick 599] Bloc rejeté: logging_0_39 de greedy_1
[Tick 600] Tentative de minage au tick 600
[Tick 600] Nouveau bloc accepté: EMKAMA_0_57 de EMKAMA_0, hauteur 58
[Tick 608] Choix du parent: greedy_1_56 (hauteur 99)
[Tick 609] Nouveau bloc accepté: basic_1_38 de greedy_0, hauteur 98
[Tick 609] Nouveau bloc accepté: basic_2_42 de greedy_1, hauteur 99
[Tick 609] Bloc rejeté: greedy_0_62 de greedy_0
[Tick 610] Tentative de minage au tick 610
[Tick 610] Bloc rejeté: greedy_1_58 de greedy_1
[Tick 611] Nouveau bloc accepté: EMKAMA_0_58 de EMKAMA_0, hauteur 59
[Tick 611] Nouveau bloc accepté: conservative_1_29 de greedy_0, hauteur 100
[Tick 613] Nouveau bloc accepté: basic_0_45 de basic_0, hauteur 100
[Tick 613] Bloc rejeté: logging_0_40 de basic_1
[Tick 613] Nouveau bloc accepté: conservative_0_29 de conservative_0, hauteur 101
[Tick 615] Nouveau bloc accepté: greedy_1_57 de EMKAMA_0, hauteur 100
[Tick 617] Nouveau bloc accepté: basic_1_39 de basic_0, hauteur 102
[Tick 618] Choix du parent: basic_1_39 (hauteur 102)
[Tick 620] Tentative de minage au tick 620
[Tick 620] Nouveau bloc accepté: adaptive_0_40 de adaptive_0, hauteur 101
[Tick 622] Nouveau bloc accepté: greedy_0_63 de greedy_1, hauteur 102
[Tick 622] Nouveau bloc accepté: EMKAMA_0_59 de basic_2, hauteur 60
[Tick 626] Nouveau bloc accepté: EMKAMA_0_60 de basic_0, hauteur 61
[Tick 626] Nouveau bloc accepté: basic_1_40 de basic_1, hauteur 104
[Tick 627] Choix du parent: basic_1_40 (hauteur 104)
[Tick 628] Nouveau bloc accepté: basic_0_46 de basic_2, hauteur 104
[Tick 629] Nouveau bloc accepté: greedy_0_64 de greedy_0, hauteur 104
[Tick 629] Nouveau bloc accepté: greedy_1_59 de EMKAMA_0, hauteur 103
[Tick 630] Tentative de minage au tick 630
[Tick 630] Nouveau bloc accepté: conservative_0_30 de greedy_1, hauteur 105
[Tick 631] Bloc rejeté: logging_0_41 de basic_0
[Tick 633] Nouveau bloc accepté: basic_2_43 de basic_0, hauteur 103
[Tick 634] Nouveau bloc accepté: EMKAMA_0_61 de adaptive_0, hauteur 62
[Tick 634] Nouveau bloc accepté: greedy_1_60 de greedy_1, hauteur 106
[Tick 634] Nouveau bloc accepté: conservative_1_30 de conservative_1, hauteur 105
[Tick 635] Nouveau bloc accepté: adaptive_0_41 de basic_1, hauteur 105
[Tick 636] Nouveau bloc accepté: adaptive_0_42 de adaptive_0, hauteur 106
[Tick 638] Choix du parent: greedy_1_60 (hauteur 106)
[Tick 638] Nouveau bloc accepté: greedy_0_65 de greedy_0, hauteur 106
[Tick 640] Tentative de minage au tick 640
[Tick 642] Bloc rejeté: logging_0_42 de greedy_0
[Tick 643] Nouveau bloc accepté: basic_1_41 de basic_2, hauteur 107
[Tick 643] Bloc rejeté: logging_0_43 de greedy_1
[Tick 645] Nouveau bloc accepté: greedy_1_61 de basic_1, hauteur 107
[Tick 646] Nouveau bloc accepté: EMKAMA_0_62 de EMKAMA_0, hauteur 63
[Tick 647] Bloc rejeté: conservative_1_31 de greedy_0
[Tick 648] Nouveau bloc accepté: greedy_1_62 de EMKAMA_0, hauteur 108
[Tick 650] Tentative de minage au tick 650
[Tick 651] Nouveau bloc accepté: basic_0_47 de greedy_1, hauteur 107
[Tick 651] Nouveau bloc accepté: EMKAMA_0_63 de basic_0, hauteur 64
[Tick 653] Nouveau bloc accepté: basic_2_44 de basic_2, hauteur 107
[Tick 654] Choix du parent: greedy_1_62 (hauteur 108)
[Tick 654] Nouveau bloc accepté: basic_1_42 de basic_1, hauteur 108
[Tick 655] Nouveau bloc accepté: greedy_0_66 de greedy_0, hauteur 109
[Tick 657] Nouveau bloc accepté: basic_0_48 de basic_1, hauteur 108
[Tick 660] Tentative de minage au tick 660
[Tick 660] Bloc rejeté: conservative_0_31 de conservative_0
[Tick 660] Nouveau bloc accepté: greedy_1_63 de greedy_1, hauteur 109
[Tick 663] Nouveau bloc accepté: EMKAMA_0_64 de adaptive_0, hauteur 65
[Tick 663] Nouveau bloc accepté: greedy_1_64 de greedy_1, hauteur 110
[Tick 664] Nouveau bloc accepté: basic_0_49 de adaptive_0, hauteur 109
[Tick 665] Nouveau bloc accepté: basic_1_43 de basic_1, hauteur 110
[Tick 665] Nouveau bloc accepté: basic_2_45 de EMKAMA_0, hauteur 109
[Tick 668] Nouveau bloc accepté: adaptive_0_43 de adaptive_0, hauteur 109
[Tick 669] Bloc rejeté: logging_0_44 de basic_1
[Tick 670] Tentative de minage au tick 670
[Tick 670] Nouveau bloc accepté: greedy_0_67 de greedy_0, hauteur 111
[Tick 670] Nouveau bloc accepté: conservative_1_32 de conservative_1, hauteur 112
[Tick 673] Choix du parent: conservative_1_32 (hauteur 112)
[Tick 675] Nouveau bloc accepté: basic_0_50 de basic_0, hauteur 111
[Tick 676] Nouveau bloc accepté: adaptive_0_44 de adaptive_0, hauteur 111
[Tick 677] Nouveau bloc accepté: EMKAMA_0_65 de basic_1, hauteur 66
[Tick 678] Nouveau bloc accepté: conservative_0_32 de EMKAMA_0, hauteur 113
[Tick 680] Tentative de minage au tick 680
[Tick 681] Nouveau bloc accepté: basic_2_46 de basic_2, hauteur 113
[Tick 682] Nouveau bloc accepté: basic_1_44 de EMKAMA_0, hauteur 112
[Tick 683] Nouveau bloc accepté: EMKAMA_0_66 de EMKAMA_0, hauteur 67
[Tick 683] Nouveau bloc accepté: greedy_0_68 de greedy_1, hauteur 112
[Tick 684] Nouveau bloc accepté: greedy_1_65 de basic_2, hauteur 111
[Tick 684] Bloc rejeté: logging_0_45 de EMKAMA_0
[Tick 685] Bloc rejeté: EMKAMA_0_68 de EMKAMA_0
[Tick 686] Nouveau bloc accepté: adaptive_0_45 de basic_2, hauteur 114
[Tick 686] Nouveau bloc accepté: greedy_1_66 de basic_2, hauteur 114
[Tick 690] Tentative de minage au tick 690
[Tick 690] Nouveau bloc accepté: greedy_0_69 de greedy_0, hauteur 113
[Tick 691] Nouveau bloc accepté: conservative_0_33 de adaptive_0, hauteur 114
[Tick 693] Choix du parent: adaptive_0_45 (hauteur 114)
[Tick 694] Nouveau bloc accepté: basic_0_51 de greedy_0, hauteur 114
[Tick 694] Nouveau bloc accepté: EMKAMA_0_67 de basic_0, hauteur 68
[Tick 696] Nouveau bloc accepté: EMKAMA_0_69 de EMKAMA_0, hauteur 70
[Tick 697] Nouveau bloc accepté: conservative_1_33 de conservative_1, hauteur 115
[Tick 697] Nouveau bloc accepté: greedy_0_70 de greedy_0, hauteur 115
[Tick 698] Nouveau bloc accepté: basic_2_47 de basic_2, hauteur 115
[Tick 698] Nouveau bloc accepté: basic_1_45 de EMKAMA_0, hauteur 115
[Tick 700] Tentative de minage au tick 700
[Tick 704] Bloc rejeté: logging_0_46 de basic_0
[Tick 704] Nouveau bloc accepté: basic_0_52 de basic_2, hauteur 116
[Tick 705] Nouveau bloc accepté: greedy_1_67 de greedy_1, hauteur 116
[Tick 705] Nouveau bloc accepté: greedy_0_71 de basic_2, hauteur 116
[Tick 705] Nouveau bloc accepté: adaptive_0_46 de greedy_0, hauteur 116
[Tick 706] Nouveau bloc accepté: basic_2_48 de basic_2, hauteur 117
[Tick 707] Choix du parent: basic_2_48 (hauteur 117)
[Tick 709] Nouveau bloc accepté: EMKAMA_0_70 de EMKAMA_0, hauteur 71
[Tick 710] Tentative de minage au tick 710
[Tick 715] Nouveau bloc accepté: adaptive_0_47 de adaptive_0, hauteur 117
[Tick 715] Nouveau bloc accepté: basic_1_46 de basic_0, hauteur 117
[Tick 716] Nouveau bloc accepté: greedy_0_72 de adaptive_0, hauteur 118
[Tick 716] Nouveau bloc accepté: conservative_1_34 de greedy_0, hauteur 117
[Tick 717] Nouveau bloc accepté: greedy_1_68 de greedy_0, hauteur 118
[Tick 718] Choix du parent: logging_0_47 (hauteur 118)
[Tick 720] Tentative de minage au tick 720
[Tick 720] Nouveau bloc accepté: EMKAMA_0_71 de EMKAMA_0, hauteur 72
[Tick 724] Bloc rejeté: logging_0_47 de greedy_1
[Tick 725] Nouveau bloc accepté: basic_0_53 de basic_2, hauteur 118
[Tick 727] Nouveau bloc accepté: conservative_0_34 de conservative_0, hauteur 117
[Tick 728] Nouveau bloc accepté: greedy_1_69 de greedy_1, hauteur 119
[Tick 729] Bloc rejeté: logging_0_48 de adaptive_0
[Tick 730] Tentative de minage au tick 730
[Tick 730] Nouveau bloc accepté: greedy_0_73 de greedy_0, hauteur 119
[Tick 731] Nouveau bloc accepté: basic_2_49 de basic_2, hauteur 119
[Tick 731] Nouveau bloc accepté: greedy_1_70 de greedy_1, hauteur 120
[Tick 732] Choix du parent: greedy_1_70 (hauteur 120)
[Tick 732] Nouveau bloc accepté: adaptive_0_48 de basic_0, hauteur 120
[Tick 734] Nouveau bloc accepté: conservative_1_35 de conservative_1, hauteur 120
[Tick 734] Bloc rejeté: EMKAMA_0_73 de EMKAMA_0
[Tick 734] Bloc rejeté: greedy_0_74 de greedy_0
[Tick 735] Nouveau bloc accepté: conservative_0_35 de basic_0, hauteur 120
[Tick 738] Nouveau bloc accepté: EMKAMA_0_72 de EMKAMA_0, hauteur 73
[Tick 738] Nouveau bloc accepté: basic_2_50 de basic_2, hauteur 120
[Tick 738] Nouveau bloc accepté: basic_0_54 de basic_0, hauteur 120
[Tick 738] Nouveau bloc accepté: basic_1_47 de basic_1, hauteur 121
[Tick 740] Tentative de minage au tick 740
[Tick 746] Bloc rejeté: greedy_1_72 de EMKAMA_0
[Tick 748] Nouveau bloc accepté: EMKAMA_0_74 de EMKAMA_0, hauteur 75
[Tick 748] Nouveau bloc accepté: greedy_0_75 de greedy_1, hauteur 122
[Tick 748] Nouveau bloc accepté: basic_2_51 de basic_2, hauteur 122
[Tick 749] Bloc rejeté: basic_0_55 de basic_0
[Tick 749] Nouveau bloc accepté: greedy_0_76 de greedy_0, hauteur 123
[Tick 750] Tentative de minage au tick 750
[Tick 751] Bloc rejeté: logging_0_49 de greedy_1
[Tick 751] Nouveau bloc accepté: greedy_1_71 de basic_0, hauteur 122
[Tick 753] Nouveau bloc accepté: adaptive_0_49 de adaptive_0, hauteur 122
[Tick 754] Choix du parent: greedy_0_76 (hauteur 123)
[Tick 757] Nouveau bloc accepté: EMKAMA_0_75 de greedy_0, hauteur 76
[Tick 759] Nouveau bloc accepté: basic_0_56 de basic_2, hauteur 124
[Tick 760] Tentative de minage au tick 760
[Tick 762] Nouveau bloc accepté: conservative_1_36 de conservative_1, hauteur 123
[Tick 762] Nouveau bloc accepté: greedy_0_77 de adaptive_0, hauteur 124
[Tick 763] Nouveau bloc accepté: conservative_0_36 de conservative_0, hauteur 123
[Tick 763] Nouveau bloc accepté: EMKAMA_0_76 de greedy_1, hauteur 77
[Tick 766] Nouveau bloc accepté: basic_2_52 de basic_2, hauteur 125
[Tick 766] Nouveau bloc accepté: greedy_1_73 de adaptive_0, hauteur 124
[Tick 767] Choix du parent: basic_2_52 (hauteur 125)
[Tick 768] Bloc rejeté: logging_0_50 de greedy_1
[Tick 769] Nouveau bloc accepté: greedy_0_78 de EMKAMA_0, hauteur 125
[Tick 770] Tentative de minage au tick 770
[Tick 770] Nouveau bloc accepté: adaptive_0_50 de adaptive_0, hauteur 125
[Tick 771] Nouveau bloc accepté: EMKAMA_0_77 de greedy_1, hauteur 78
[Tick 772] Nouveau bloc accepté: greedy_1_74 de basic_0, hauteur 125
[Tick 776] Nouveau bloc accepté: conservative_1_37 de conservative_1, hauteur 126
[Tick 776] Bloc rejeté: logging_0_51 de adaptive_0
[Tick 777] Nouveau bloc accepté: adaptive_0_51 de adaptive_0, hauteur 127
[Tick 777] Nouveau bloc accepté: greedy_1_75 de adaptive_0, hauteur 126
[Tick 780] Tentative de minage au tick 780
[Tick 781] Nouveau bloc accepté: greedy_0_79 de basic_0, hauteur 127
[Tick 784] Choix du parent: adaptive_0_51 (hauteur 127)
[Tick 785] Bloc rejeté: basic_2_53 de basic_2
[Tick 785] Nouveau bloc accepté: EMKAMA_0_78 de adaptive_0, hauteur 79
[Tick 786] Nouveau bloc accepté: basic_0_57 de basic_0, hauteur 126
[Tick 789] Bloc rejeté: greedy_1_77 de greedy_1
[Tick 790] Tentative de minage au tick 790
[Tick 790] Nouveau bloc accepté: greedy_1_76 de greedy_1, hauteur 127
[Tick 791] Nouveau bloc accepté: basic_0_58 de basic_0, hauteur 127
[Tick 791] Nouveau bloc accepté: greedy_0_80 de EMKAMA_0, hauteur 128
[Tick 793] Bloc rejeté: logging_0_52 de EMKAMA_0
[Tick 794] Nouveau bloc accepté: conservative_1_38 de conservative_1, hauteur 129
[Tick 796] Nouveau bloc accepté: EMKAMA_0_79 de greedy_0, hauteur 80
[Tick 796] Nouveau bloc accepté: adaptive_0_52 de adaptive_0, hauteur 129
[Tick 796] Nouveau bloc accepté: basic_0_59 de greedy_1, hauteur 129
[Tick 797] Choix du parent: conservative_1_38 (hauteur 129)
[Tick 798] Nouveau bloc accepté: greedy_0_81 de greedy_0, hauteur 130
[Tick 798] Nouveau bloc accepté: basic_2_54 de adaptive_0, hauteur 128
[Tick 800] Tentative de minage au tick 800
[Tick 802] Nouveau bloc accepté: EMKAMA_0_80 de EMKAMA_0, hauteur 81
[Tick 802] Nouveau bloc accepté: greedy_1_78 de EMKAMA_0, hauteur 130
[Tick 809] Nouveau bloc accepté: basic_0_60 de basic_0, hauteur 131
[Tick 810] Tentative de minage au tick 810
[Tick 811] Nouveau bloc accepté: adaptive_0_53 de greedy_0, hauteur 131
[Tick 812] Nouveau bloc accepté: basic_2_55 de adaptive_0, hauteur 130
[Tick 813] Nouveau bloc accepté: greedy_1_79 de adaptive_0, hauteur 132
[Tick 814] Choix du parent: greedy_1_79 (hauteur 132)
[Tick 814] Nouveau bloc accepté: conservative_1_39 de EMKAMA_0, hauteur 132
[Tick 816] Bloc rejeté: logging_0_53 de adaptive_0
[Tick 816] Nouveau bloc accepté: EMKAMA_0_81 de greedy_1, hauteur 82
[Tick 818] Bloc rejeté: logging_0_54 de greedy_0
[Tick 819] Nouveau bloc accepté: greedy_0_82 de EMKAMA_0, hauteur 132
[Tick 820] Tentative de minage au tick 820
[Tick 820] Nouveau bloc accepté: greedy_0_83 de basic_0, hauteur 133
[Tick 820] Nouveau bloc accepté: greedy_1_80 de greedy_1, hauteur 134
[Tick 821] Nouveau bloc accepté: basic_0_61 de greedy_1, hauteur 134
[Tick 822] Nouveau bloc accepté: adaptive_0_54 de adaptive_0, hauteur 133
[Tick 823] Nouveau bloc accepté: basic_2_56 de EMKAMA_0, hauteur 133
[Tick 824] Nouveau bloc accepté: EMKAMA_0_82 de basic_0, hauteur 83
[Tick 829] Choix du parent: greedy_1_80 (hauteur 134)
[Tick 830] Tentative de minage au tick 830
[Tick 830] Nouveau bloc accepté: greedy_0_84 de adaptive_0, hauteur 134
[Tick 830] Bloc rejeté: logging_0_55 de adaptive_0
[Tick 833] Nouveau bloc accepté: adaptive_0_55 de adaptive_0, hauteur 135
[Tick 834] Nouveau bloc accepté: basic_0_62 de basic_0, hauteur 135
[Tick 837] Choix du parent: logging_0_55 (hauteur 135)
[Tick 837] Nouveau bloc accepté: basic_2_57 de basic_0, hauteur 136
[Tick 838] Nouveau bloc accepté: conservative_1_40 de conservative_1, hauteur 135
[Tick 840] Tentative de minage au tick 840
[Tick 840] Bloc rejeté: logging_0_56 de greedy_1
[Tick 841] Nouveau bloc accepté: greedy_0_85 de adaptive_0, hauteur 135
[Tick 842] Nouveau bloc accepté: EMKAMA_0_83 de EMKAMA_0, hauteur 84
[Tick 843] Nouveau bloc accepté: greedy_1_81 de basic_2, hauteur 135
[Tick 846] Nouveau bloc accepté: basic_0_63 de EMKAMA_0, hauteur 137
[Tick 846] Nouveau bloc accepté: EMKAMA_0_84 de EMKAMA_0, hauteur 85
[Tick 850] Tentative de minage au tick 850
[Tick 850] Choix du parent: basic_0_63 (hauteur 137)
[Tick 850] Nouveau bloc accepté: greedy_0_86 de EMKAMA_0, hauteur 138
[Tick 851] Nouveau bloc accepté: greedy_1_82 de adaptive_0, hauteur 137
[Tick 851] Nouveau bloc accepté: greedy_1_83 de greedy_1, hauteur 138
[Tick 852] Nouveau bloc accepté: basic_0_64 de greedy_0, hauteur 138
[Tick 855] Bloc rejeté: logging_0_57 de basic_2
[Tick 856] Nouveau bloc accepté: adaptive_0_56 de adaptive_0, hauteur 139
[Tick 856] Nouveau bloc accepté: EMKAMA_0_85 de greedy_0, hauteur 86
[Tick 858] Nouveau bloc accepté: conservative_1_41 de adaptive_0, hauteur 139
[Tick 860] Tentative de minage au tick 860
[Tick 860] Nouveau bloc accepté: basic_0_65 de basic_0, hauteur 139
[Tick 861] Nouveau bloc accepté: basic_2_58 de basic_2, hauteur 139
[Tick 863] Nouveau bloc accepté: EMKAMA_0_86 de EMKAMA_0, hauteur 87
[Tick 867] Choix du parent: adaptive_0_56 (hauteur 139)
[Tick 867] Nouveau bloc accepté: greedy_0_87 de basic_2, hauteur 140
[Tick 870] Tentative de minage au tick 870
[Tick 870] Nouveau bloc accepté: basic_0_66 de basic_0, hauteur 140
[Tick 872] Nouveau bloc accepté: adaptive_0_57 de adaptive_0, hauteur 140
[Tick 872] Nouveau bloc accepté: conservative_1_42 de conservative_1, hauteur 141
[Tick 873] Bloc rejeté: logging_0_58 de adaptive_0
[Tick 874] Nouveau bloc accepté: greedy_1_84 de greedy_1, hauteur 140
[Tick 874] Nouveau bloc accepté: greedy_0_88 de greedy_0, hauteur 141
[Tick 876] Choix du parent: conservative_1_42 (hauteur 141)
[Tick 876] Nouveau bloc accepté: greedy_0_89 de basic_2, hauteur 142
[Tick 879] Nouveau bloc accepté: basic_2_59 de basic_2, hauteur 141
[Tick 880] Tentative de minage au tick 880
[Tick 880] Nouveau bloc accepté: greedy_1_85 de greedy_1, hauteur 141
[Tick 880] Nouveau bloc accepté: adaptive_0_58 de EMKAMA_0, hauteur 142
[Tick 882] Nouveau bloc accepté: EMKAMA_0_87 de EMKAMA_0, hauteur 88
[Tick 886] Nouveau bloc accepté: EMKAMA_0_88 de EMKAMA_0, hauteur 89
[Tick 886] Nouveau bloc accepté: basic_2_60 de basic_0, hauteur 143
[Tick 889] Bloc rejeté: logging_0_59 de adaptive_0
[Tick 890] Tentative de minage au tick 890
[Tick 890] Bloc rejeté: basic_0_68 de basic_0
[Tick 891] Nouveau bloc accepté: conservative_1_43 de conservative_1, hauteur 144
[Tick 891] Nouveau bloc accepté: greedy_0_90 de greedy_1, hauteur 143
[Tick 892] Choix du parent: conservative_1_43 (hauteur 144)
[Tick 892] Nouveau bloc accepté: adaptive_0_59 de adaptive_0, hauteur 144
[Tick 893] Nouveau bloc accepté: basic_0_67 de EMKAMA_0, hauteur 141
[Tick 894] Nouveau bloc accepté: greedy_0_91 de basic_0, hauteur 145
[Tick 895] Bloc rejeté: logging_0_60 de basic_0
[Tick 896] Nouveau bloc accepté: greedy_1_86 de greedy_0, hauteur 143
[Tick 896] Nouveau bloc accepté: basic_2_61 de EMKAMA_0, hauteur 144
[Tick 898] Bloc rejeté: EMKAMA_0_90 de greedy_1
[Tick 899] Nouveau bloc accepté: EMKAMA_0_89 de EMKAMA_0, hauteur 90
[Tick 900] Tentative de minage au tick 900
[Tick 903] Nouveau bloc accepté: greedy_1_87 de greedy_1, hauteur 146
[Tick 906] Nouveau bloc accepté: basic_2_62 de basic_2, hauteur 146
[Tick 909] Nouveau bloc accepté: greedy_1_88 de greedy_0, hauteur 147
[Tick 910] Tentative de minage au tick 910
[Tick 911] Choix du parent: greedy_1_88 (hauteur 147)
[Tick 913] Bloc rejeté: greedy_0_93 de greedy_0
[Tick 914] Nouveau bloc accepté: greedy_1_89 de greedy_1, hauteur 148
[Tick 914] Nouveau bloc accepté: basic_2_63 de EMKAMA_0, hauteur 147
[Tick 915] Nouveau bloc accepté: conservative_1_44 de conservative_1, hauteur 149
[Tick 915] Nouveau bloc accepté: greedy_0_92 de basic_0, hauteur 147
[Tick 916] Nouveau bloc accepté: EMKAMA_0_91 de greedy_1, hauteur 92
[Tick 920] Tentative de minage au tick 920
[Tick 920] Nouveau bloc accepté: adaptive_0_60 de EMKAMA_0, hauteur 148
[Tick 921] Nouveau bloc accepté: EMKAMA_0_92 de EMKAMA_0, hauteur 93
[Tick 922] Bloc rejeté: logging_0_61 de EMKAMA_0
[Tick 924] Nouveau bloc accepté: greedy_1_90 de greedy_1, hauteur 149
[Tick 925] Nouveau bloc accepté: basic_0_69 de basic_0, hauteur 147
[Tick 925] Nouveau bloc accepté: greedy_0_94 de adaptive_0, hauteur 149
[Tick 927] Nouveau bloc accepté: greedy_0_95 de greedy_0, hauteur 150
[Tick 928] Choix du parent: greedy_0_95 (hauteur 150)
[Tick 929] Nouveau bloc accepté: EMKAMA_0_93 de EMKAMA_0, hauteur 94
[Tick 930] Tentative de minage au tick 930
[Tick 930] Bloc rejeté: logging_0_62 de greedy_0
[Tick 931] Nouveau bloc accepté: adaptive_0_61 de adaptive_0, hauteur 150
[Tick 934] Nouveau bloc accepté: basic_2_64 de greedy_0, hauteur 149
[Tick 935] Nouveau bloc accepté: basic_2_65 de basic_2, hauteur 150
[Tick 938] Choix du parent: logging_0_62 (hauteur 151)
[Tick 939] Nouveau bloc accepté: greedy_1_91 de greedy_1, hauteur 151
[Tick 940] Tentative de minage au tick 940
[Tick 941] Bloc rejeté: basic_0_71 de greedy_1
[Tick 943] Nouveau bloc accepté: basic_0_70 de basic_0, hauteur 150
[Tick 943] Bloc rejeté: greedy_1_92 de basic_0
[Tick 945] Bloc rejeté: greedy_0_96 de basic_2
[Tick 946] Nouveau bloc accepté: conservative_1_45 de adaptive_0, hauteur 152
[Tick 947] Nouveau bloc accepté: adaptive_0_62 de greedy_0, hauteur 153
[Tick 947] Bloc rejeté: logging_0_63 de basic_0
[Tick 949] Choix du parent: basic_0_71 (hauteur 153)
[Tick 949] Nouveau bloc accepté: basic_2_66 de basic_2, hauteur 154
[Tick 949] Nouveau bloc accepté: EMKAMA_0_94 de EMKAMA_0, hauteur 95
[Tick 950] Tentative de minage au tick 950
[Tick 952] Nouveau bloc accepté: greedy_0_97 de basic_0, hauteur 154
[Tick 956] Choix du parent: logging_0_64 (hauteur 154)
[Tick 960] Tentative de minage au tick 960
[Tick 960] Nouveau bloc accepté: EMKAMA_0_95 de basic_2, hauteur 96
[Tick 961] Bloc rejeté: logging_0_64 de greedy_1
[Tick 962] Nouveau bloc accepté: conservative_1_46 de conservative_1, hauteur 155
[Tick 962] Nouveau bloc accepté: greedy_1_93 de greedy_0, hauteur 155
[Tick 963] Nouveau bloc accepté: EMKAMA_0_96 de basic_2, hauteur 97
[Tick 964] Nouveau bloc accepté: adaptive_0_63 de basic_0, hauteur 155
[Tick 965] Bloc rejeté: greedy_0_99 de greedy_0
[Tick 965] Nouveau bloc accepté: EMKAMA_0_97 de adaptive_0, hauteur 98
[Tick 966] Nouveau bloc accepté: basic_2_67 de basic_2, hauteur 156
[Tick 966] Nouveau bloc accepté: adaptive_0_64 de adaptive_0, hauteur 156
[Tick 966] Nouveau bloc accepté: basic_0_72 de greedy_0, hauteur 156
[Tick 967] Bloc rejeté: logging_0_65 de EMKAMA_0
[Tick 969] Nouveau bloc accepté: EMKAMA_0_98 de basic_2, hauteur 99
[Tick 970] Tentative de minage au tick 970
[Tick 970] Choix du parent: basic_2_67 (hauteur 156)
[Tick 970] Nouveau bloc accepté: greedy_0_98 de EMKAMA_0, hauteur 155
[Tick 971] Nouveau bloc accepté: greedy_1_94 de greedy_0, hauteur 156
[Tick 975] Nouveau bloc accepté: conservative_1_47 de conservative_1, hauteur 157
[Tick 977] Bloc rejeté: logging_0_66 de basic_0
[Tick 980] Tentative de minage au tick 980
[Tick 980] Nouveau bloc accepté: basic_0_73 de basic_0, hauteur 158
[Tick 980] Nouveau bloc accepté: greedy_1_95 de greedy_1, hauteur 158
[Tick 980] Nouveau bloc accepté: EMKAMA_0_99 de EMKAMA_0, hauteur 100
[Tick 981] Nouveau bloc accepté: greedy_0_100 de basic_2, hauteur 157
[Tick 984] Nouveau bloc accepté: basic_2_68 de greedy_1, hauteur 158
[Tick 986] Nouveau bloc accepté: greedy_0_101 de basic_0, hauteur 158
[Tick 986] Nouveau bloc accepté: greedy_1_96 de greedy_1, hauteur 159
[Tick 990] Tentative de minage au tick 990
[Tick 991] Nouveau bloc accepté: adaptive_0_65 de greedy_0, hauteur 159
[Tick 991] Nouveau bloc accepté: EMKAMA_0_100 de EMKAMA_0, hauteur 101
[Tick 992] Nouveau bloc accepté: greedy_1_97 de greedy_1, hauteur 160
[Tick 992] Nouveau bloc accepté: basic_2_69 de greedy_1, hauteur 160
[Tick 993] Nouveau bloc accepté: basic_0_74 de basic_0, hauteur 160
[Tick 994] Choix du parent: greedy_1_97 (hauteur 160)
[Tick 998] Bloc rejeté: logging_0_67 de greedy_1
[Tick 998] Nouveau bloc accepté: adaptive_0_66 de EMKAMA_0, hauteur 161
[Tick 1000] Tentative de minage au tick 1000

