Logs pour stratégie: LoggingExampleStrategy
================================================================================


--- logging_0 ---
[Tick 0] Stratégie initialisée pour logging_0
[Tick 10] Tentative de minage au tick 10
[Tick 15] Nouveau bloc accepté: greedy_1_0 de greedy_1, hauteur 1
[Tick 17] Nouveau bloc accepté: adaptive_0_0 de adaptive_0, hauteur 1
[Tick 17] Bloc rejeté: greedy_0_1 de greedy_0
[Tick 20] Tentative de minage au tick 20
[Tick 20] Nouveau bloc accepté: greedy_1_1 de greedy_1, hauteur 2
[Tick 21] Nouveau bloc accepté: greedy_0_0 de greedy_0, hauteur 1
[Tick 21] Nouveau bloc accepté: greedy_2_0 de basic_1, hauteur 2
[Tick 22] Choix du parent: greedy_1_1 (hauteur 2)
[Tick 23] Nouveau bloc accepté: greedy_3_0 de greedy_3, hauteur 2
[Tick 23] Nouveau bloc accepté: greedy_0_2 de greedy_0, hauteur 3
[Tick 25] Nouveau bloc accepté: basic_1_0 de basic_1, hauteur 2
[Tick 28] Nouveau bloc accepté: basic_0_0 de adaptive_0, hauteur 2
[Tick 29] Nouveau bloc accepté: adaptive_0_1 de adaptive_0, hauteur 3
[Tick 29] Bloc rejeté: logging_0_0 de logging_1
[Tick 30] Tentative de minage au tick 30
[Tick 34] Nouveau bloc accepté: logging_1_0 de logging_1, hauteur 3
[Tick 34] Nouveau bloc accepté: conservative_0_0 de conservative_0, hauteur 4
[Tick 34] Nouveau bloc accepté: greedy_3_1 de logging_1, hauteur 3
[Tick 37] Nouveau bloc accepté: greedy_2_1 de adaptive_0, hauteur 3
[Tick 38] Nouveau bloc accepté: greedy_1_2 de greedy_1, hauteur 4
[Tick 38] Nouveau bloc accepté: basic_0_1 de greedy_2, hauteur 4
[Tick 40] Tentative de minage au tick 40
[Tick 41] Choix du parent: conservative_0_0 (hauteur 4)
[Tick 41] Nouveau bloc accepté: basic_1_1 de greedy_2, hauteur 4
[Tick 42] Nouveau bloc accepté: greedy_0_3 de greedy_1, hauteur 4
[Tick 42] Nouveau bloc accepté: greedy_1_3 de greedy_1, hauteur 5
[Tick 44] Nouveau bloc accepté: greedy_3_2 de greedy_3, hauteur 5
[Tick 45] Nouveau bloc accepté: greedy_0_4 de basic_1, hauteur 5
[Tick 46] Nouveau bloc accepté: greedy_2_2 de greedy_2, hauteur 5
[Tick 48] Bloc rejeté: logging_0_1 de greedy_3
[Tick 50] Tentative de minage au tick 50
[Tick 50] Nouveau bloc accepté: logging_1_1 de greedy_2, hauteur 5
[Tick 51] Nouveau bloc accepté: adaptive_0_2 de adaptive_0, hauteur 5
[Tick 51] Nouveau bloc accepté: greedy_3_3 de greedy_3, hauteur 6
[Tick 53] Nouveau bloc accepté: greedy_2_3 de greedy_2, hauteur 6
[Tick 55] Nouveau bloc accepté: conservative_0_1 de greedy_3, hauteur 7
[Tick 57] Nouveau bloc accepté: greedy_1_4 de greedy_1, hauteur 6
[Tick 57] Nouveau bloc accepté: basic_0_2 de basic_1, hauteur 6
[Tick 59] Nouveau bloc accepté: basic_1_2 de greedy_2, hauteur 6
[Tick 60] Tentative de minage au tick 60
[Tick 60] Nouveau bloc accepté: adaptive_0_3 de basic_0, hauteur 7
[Tick 61] Nouveau bloc accepté: greedy_3_4 de adaptive_0, hauteur 8
[Tick 64] Choix du parent: greedy_3_4 (hauteur 8)
[Tick 66] Nouveau bloc accepté: greedy_0_6 de greedy_0, hauteur 9
[Tick 67] Bloc rejeté: adaptive_0_4 de adaptive_0
[Tick 68] Nouveau bloc accepté: greedy_0_5 de greedy_0, hauteur 7
[Tick 68] Nouveau bloc accepté: logging_1_2 de adaptive_0, hauteur 7
[Tick 69] Bloc rejeté: logging_0_2 de greedy_3
[Tick 69] Nouveau bloc accepté: greedy_2_4 de adaptive_0, hauteur 8
[Tick 70] Tentative de minage au tick 70
[Tick 71] Nouveau bloc accepté: greedy_1_5 de greedy_2, hauteur 9
[Tick 72] Nouveau bloc accepté: basic_0_3 de basic_0, hauteur 8
[Tick 73] Nouveau bloc accepté: greedy_3_5 de greedy_3, hauteur 10
[Tick 73] Nouveau bloc accepté: greedy_0_7 de greedy_0, hauteur 10
[Tick 74] Nouveau bloc accepté: logging_1_3 de greedy_2, hauteur 10
[Tick 76] Nouveau bloc accepté: greedy_1_6 de greedy_1, hauteur 11
[Tick 79] Choix du parent: greedy_1_6 (hauteur 11)
[Tick 79] Nouveau bloc accepté: basic_1_3 de basic_1, hauteur 11
[Tick 80] Tentative de minage au tick 80
[Tick 81] Nouveau bloc accepté: conservative_0_2 de adaptive_0, hauteur 10
[Tick 82] Nouveau bloc accepté: basic_0_4 de basic_0, hauteur 11
[Tick 83] Nouveau bloc accepté: greedy_1_7 de greedy_1, hauteur 12
[Tick 83] Bloc rejeté: logging_0_3 de greedy_0
[Tick 84] Nouveau bloc accepté: greedy_0_8 de greedy_0, hauteur 12
[Tick 86] Nouveau bloc accepté: greedy_3_6 de greedy_3, hauteur 12
[Tick 86] Nouveau bloc accepté: adaptive_0_5 de adaptive_0, hauteur 13
[Tick 88] Nouveau bloc accepté: greedy_2_5 de greedy_2, hauteur 11
[Tick 90] Tentative de minage au tick 90
[Tick 90] Choix du parent: adaptive_0_5 (hauteur 13)
[Tick 92] Nouveau bloc accepté: greedy_2_6 de basic_1, hauteur 13
[Tick 93] Nouveau bloc accepté: greedy_3_7 de greedy_3, hauteur 14
[Tick 93] Nouveau bloc accepté: greedy_1_8 de logging_1, hauteur 14
[Tick 94] Nouveau bloc accepté: greedy_0_9 de greedy_1, hauteur 13
[Tick 98] Nouveau bloc accepté: basic_0_5 de greedy_3, hauteur 14
[Tick 99] Nouveau bloc accepté: conservative_0_3 de greedy_0, hauteur 14
[Tick 99] Nouveau bloc accepté: greedy_2_7 de greedy_2, hauteur 15
[Tick 99] Nouveau bloc accepté: logging_1_4 de greedy_2, hauteur 15
[Tick 100] Tentative de minage au tick 100
[Tick 100] Bloc rejeté: greedy_1_9 de greedy_1
[Tick 101] Bloc rejeté: logging_0_4 de basic_0
[Tick 101] Nouveau bloc accepté: greedy_0_10 de greedy_1, hauteur 15
[Tick 102] Nouveau bloc accepté: basic_1_4 de basic_1, hauteur 15
[Tick 104] Choix du parent: greedy_1_9 (hauteur 16)
[Tick 104] Nouveau bloc accepté: greedy_3_8 de greedy_3, hauteur 16
[Tick 107] Nouveau bloc accepté: logging_1_5 de logging_1, hauteur 16
[Tick 108] Nouveau bloc accepté: adaptive_0_6 de adaptive_0, hauteur 16
[Tick 108] Nouveau bloc accepté: basic_1_5 de basic_1, hauteur 17
[Tick 110] Tentative de minage au tick 110
[Tick 110] Nouveau bloc accepté: conservative_0_4 de conservative_0, hauteur 16
[Tick 112] Nouveau bloc accepté: basic_0_6 de basic_0, hauteur 18
[Tick 112] Bloc rejeté: adaptive_0_7 de adaptive_0
[Tick 114] Nouveau bloc accepté: greedy_2_8 de logging_1, hauteur 16
[Tick 115] Nouveau bloc accepté: greedy_0_11 de greedy_0, hauteur 17
[Tick 118] Nouveau bloc accepté: logging_1_6 de logging_1, hauteur 18
[Tick 119] Nouveau bloc accepté: greedy_2_9 de greedy_2, hauteur 18
[Tick 120] Tentative de minage au tick 120
[Tick 120] Nouveau bloc accepté: greedy_3_9 de greedy_3, hauteur 18
[Tick 121] Nouveau bloc accepté: greedy_1_10 de basic_1, hauteur 18
[Tick 123] Choix du parent: basic_0_6 (hauteur 18)
[Tick 125] Nouveau bloc accepté: greedy_0_12 de greedy_0, hauteur 19
[Tick 126] Nouveau bloc accepté: greedy_3_10 de greedy_0, hauteur 19
[Tick 127] Bloc rejeté: logging_0_5 de greedy_3
[Tick 129] Nouveau bloc accepté: greedy_1_11 de greedy_0, hauteur 19
[Tick 129] Bloc rejeté: logging_0_6 de basic_0
[Tick 130] Tentative de minage au tick 130
[Tick 132] Nouveau bloc accepté: greedy_2_10 de greedy_0, hauteur 20
[Tick 132] Bloc rejeté: conservative_0_5 de conservative_0
[Tick 134] Nouveau bloc accepté: logging_1_7 de logging_1, hauteur 20
[Tick 134] Nouveau bloc accepté: basic_1_6 de basic_0, hauteur 19
[Tick 136] Nouveau bloc accepté: basic_0_7 de greedy_3, hauteur 20
[Tick 136] Bloc rejeté: greedy_1_13 de greedy_1
[Tick 137] Nouveau bloc accepté: adaptive_0_8 de adaptive_0, hauteur 20
[Tick 137] Nouveau bloc accepté: greedy_1_12 de basic_0, hauteur 20
[Tick 137] Nouveau bloc accepté: logging_1_8 de adaptive_0, hauteur 21
[Tick 139] Nouveau bloc accepté: greedy_3_11 de greedy_3, hauteur 21
[Tick 139] Nouveau bloc accepté: basic_0_8 de basic_0, hauteur 21
[Tick 139] Nouveau bloc accepté: greedy_2_11 de adaptive_0, hauteur 21
[Tick 139] Nouveau bloc accepté: greedy_3_12 de greedy_3, hauteur 22
[Tick 140] Tentative de minage au tick 140
[Tick 140] Choix du parent: greedy_3_12 (hauteur 22)
[Tick 140] Nouveau bloc accepté: greedy_0_13 de greedy_0, hauteur 21
[Tick 144] Bloc rejeté: basic_1_7 de basic_1
[Tick 144] Nouveau bloc accepté: logging_1_9 de logging_1, hauteur 23
[Tick 146] Bloc rejeté: greedy_2_13 de greedy_2
[Tick 147] Bloc rejeté: logging_0_7 de adaptive_0
[Tick 148] Nouveau bloc accepté: greedy_2_12 de greedy_2, hauteur 22
[Tick 149] Nouveau bloc accepté: greedy_0_14 de greedy_0, hauteur 24
[Tick 150] Tentative de minage au tick 150
[Tick 151] Nouveau bloc accepté: adaptive_0_9 de adaptive_0, hauteur 23
[Tick 152] Nouveau bloc accepté: basic_0_9 de basic_0, hauteur 24
[Tick 155] Nouveau bloc accepté: conservative_0_6 de basic_0, hauteur 24
[Tick 156] Nouveau bloc accepté: greedy_3_13 de greedy_3, hauteur 25
[Tick 156] Nouveau bloc accepté: greedy_1_14 de greedy_3, hauteur 25
[Tick 159] Choix du parent: greedy_3_13 (hauteur 25)
[Tick 159] Nouveau bloc accepté: basic_0_10 de adaptive_0, hauteur 26
[Tick 160] Tentative de minage au tick 160
[Tick 162] Nouveau bloc accepté: basic_1_8 de logging_1, hauteur 25
[Tick 167] Nouveau bloc accepté: greedy_2_14 de greedy_2, hauteur 26
[Tick 167] Nouveau bloc accepté: greedy_3_14 de greedy_2, hauteur 27
[Tick 168] Nouveau bloc accepté: greedy_1_15 de greedy_1, hauteur 26
[Tick 168] Bloc rejeté: basic_1_9 de basic_1
[Tick 168] Nouveau bloc accepté: adaptive_0_10 de logging_1, hauteur 27
[Tick 169] Choix du parent: basic_1_9 (hauteur 28)
[Tick 170] Tentative de minage au tick 170
[Tick 170] Bloc rejeté: logging_0_8 de basic_0
[Tick 170] Nouveau bloc accepté: logging_1_10 de greedy_1, hauteur 27
[Tick 171] Nouveau bloc accepté: greedy_0_15 de greedy_2, hauteur 26
[Tick 173] Bloc rejeté: conservative_0_7 de greedy_3
[Tick 175] Nouveau bloc accepté: greedy_2_15 de greedy_2, hauteur 28
[Tick 177] Nouveau bloc accepté: basic_0_11 de greedy_3, hauteur 28
[Tick 178] Nouveau bloc accepté: adaptive_0_11 de greedy_0, hauteur 29
[Tick 179] Nouveau bloc accepté: greedy_0_16 de greedy_3, hauteur 28
[Tick 180] Tentative de minage au tick 180
[Tick 180] Nouveau bloc accepté: greedy_1_16 de greedy_0, hauteur 29
[Tick 182] Choix du parent: logging_0_9 (hauteur 29)
[Tick 183] Bloc rejeté: logging_0_9 de logging_1
[Tick 183] Nouveau bloc accepté: greedy_2_16 de greedy_2, hauteur 29
[Tick 184] Nouveau bloc accepté: greedy_0_17 de greedy_1, hauteur 30
[Tick 184] Nouveau bloc accepté: greedy_1_17 de greedy_2, hauteur 30
[Tick 185] Nouveau bloc accepté: greedy_3_15 de greedy_3, hauteur 30
[Tick 187] Nouveau bloc accepté: basic_0_12 de greedy_2, hauteur 29
[Tick 188] Nouveau bloc accepté: basic_1_10 de greedy_1, hauteur 30
[Tick 190] Tentative de minage au tick 190
[Tick 192] Nouveau bloc accepté: logging_1_11 de basic_1, hauteur 31
[Tick 192] Nouveau bloc accepté: greedy_3_16 de basic_0, hauteur 31
[Tick 197] Choix du parent: logging_1_11 (hauteur 31)
[Tick 197] Nouveau bloc accepté: greedy_0_18 de basic_1, hauteur 31
[Tick 197] Bloc rejeté: logging_0_10 de adaptive_0
[Tick 197] Nouveau bloc accepté: conservative_0_8 de conservative_0, hauteur 31
[Tick 197] Nouveau bloc accepté: adaptive_0_12 de greedy_0, hauteur 32
[Tick 200] Tentative de minage au tick 200
[Tick 200] Nouveau bloc accepté: basic_0_13 de basic_1, hauteur 32
[Tick 202] Nouveau bloc accepté: logging_1_12 de logging_1, hauteur 32
[Tick 202] Nouveau bloc accepté: adaptive_0_13 de adaptive_0, hauteur 33
[Tick 203] Nouveau bloc accepté: greedy_1_18 de adaptive_0, hauteur 32
[Tick 203] Bloc rejeté: logging_0_11 de adaptive_0
[Tick 204] Nouveau bloc accepté: greedy_0_19 de greedy_1, hauteur 33
[Tick 205] Nouveau bloc accepté: basic_1_11 de basic_1, hauteur 33
[Tick 210] Tentative de minage au tick 210
[Tick 210] Nouveau bloc accepté: greedy_3_17 de greedy_3, hauteur 33
[Tick 210] Nouveau bloc accepté: logging_1_13 de basic_0, hauteur 34
[Tick 213] Choix du parent: logging_1_13 (hauteur 34)
[Tick 214] Nouveau bloc accepté: greedy_0_20 de greedy_3, hauteur 34
[Tick 215] Bloc rejeté: logging_0_12 de basic_1
[Tick 219] Nouveau bloc accepté: greedy_1_19 de basic_1, hauteur 34
[Tick 219] Nouveau bloc accepté: greedy_0_21 de logging_1, hauteur 35
[Tick 219] Nouveau bloc accepté: conservative_0_9 de greedy_0, hauteur 34
[Tick 220] Tentative de minage au tick 220
[Tick 220] Nouveau bloc accepté: greedy_3_18 de greedy_3, hauteur 35
[Tick 220] Nouveau bloc accepté: greedy_1_20 de greedy_1, hauteur 35
[Tick 221] Bloc rejeté: greedy_0_22 de greedy_0
[Tick 222] Nouveau bloc accepté: basic_0_14 de basic_0, hauteur 36
[Tick 224] Nouveau bloc accepté: basic_1_12 de basic_1, hauteur 36
[Tick 229] Nouveau bloc accepté: logging_1_14 de logging_1, hauteur 37
[Tick 230] Tentative de minage au tick 230
[Tick 230] Nouveau bloc accepté: adaptive_0_14 de logging_1, hauteur 37
[Tick 232] Nouveau bloc accepté: conservative_0_10 de conservative_0, hauteur 38
[Tick 232] Nouveau bloc accepté: greedy_1_21 de logging_1, hauteur 36
[Tick 233] Choix du parent: conservative_0_10 (hauteur 38)
[Tick 235] Nouveau bloc accepté: greedy_3_19 de greedy_1, hauteur 36
[Tick 238] Nouveau bloc accepté: basic_0_15 de greedy_1, hauteur 37
[Tick 239] Nouveau bloc accepté: basic_1_13 de logging_1, hauteur 38
[Tick 239] Nouveau bloc accepté: greedy_0_23 de adaptive_0, hauteur 39
[Tick 240] Tentative de minage au tick 240
[Tick 240] Nouveau bloc accepté: greedy_1_22 de greedy_1, hauteur 39
[Tick 241] Nouveau bloc accepté: greedy_3_20 de greedy_0, hauteur 40
[Tick 242] Bloc rejeté: logging_0_13 de greedy_1
[Tick 244] Nouveau bloc accepté: basic_1_14 de basic_1, hauteur 41
[Tick 246] Choix du parent: basic_1_14 (hauteur 41)
[Tick 246] Nouveau bloc accepté: adaptive_0_15 de adaptive_0, hauteur 40
[Tick 246] Nouveau bloc accepté: basic_0_16 de basic_0, hauteur 40
[Tick 250] Tentative de minage au tick 250
[Tick 250] Bloc rejeté: greedy_3_22 de greedy_3
[Tick 253] Nouveau bloc accepté: adaptive_0_16 de adaptive_0, hauteur 41
[Tick 253] Bloc rejeté: greedy_1_23 de greedy_1
[Tick 254] Nouveau bloc accepté: greedy_3_21 de basic_1, hauteur 41
[Tick 256] Nouveau bloc accepté: greedy_0_24 de basic_1, hauteur 41
[Tick 257] Nouveau bloc accepté: greedy_0_25 de greedy_0, hauteur 43
[Tick 259] Choix du parent: greedy_0_25 (hauteur 43)
[Tick 260] Tentative de minage au tick 260
[Tick 260] Nouveau bloc accepté: logging_1_15 de logging_1, hauteur 41
[Tick 262] Nouveau bloc accepté: conservative_0_11 de greedy_0, hauteur 43
[Tick 264] Nouveau bloc accepté: greedy_3_23 de greedy_3, hauteur 44
[Tick 264] Nouveau bloc accepté: basic_0_17 de greedy_0, hauteur 42
[Tick 265] Nouveau bloc accepté: logging_1_16 de logging_1, hauteur 43
[Tick 266] Choix du parent: logging_0_15 (hauteur 44)
[Tick 266] Bloc rejeté: logging_0_14 de logging_1
[Tick 267] Nouveau bloc accepté: greedy_0_26 de greedy_0, hauteur 44
[Tick 267] Nouveau bloc accepté: basic_1_15 de greedy_0, hauteur 43
[Tick 267] Nouveau bloc accepté: greedy_1_25 de greedy_1, hauteur 46
[Tick 268] Nouveau bloc accepté: adaptive_0_17 de greedy_1, hauteur 44
[Tick 270] Tentative de minage au tick 270
[Tick 270] Nouveau bloc accepté: greedy_1_24 de basic_0, hauteur 43
[Tick 272] Nouveau bloc accepté: logging_1_17 de logging_1, hauteur 45
[Tick 273] Nouveau bloc accepté: basic_0_18 de basic_0, hauteur 45
[Tick 274] Bloc rejeté: logging_0_15 de greedy_0
[Tick 275] Nouveau bloc accepté: conservative_0_12 de greedy_3, hauteur 45
[Tick 276] Bloc rejeté: logging_0_16 de greedy_1
[Tick 276] Nouveau bloc accepté: basic_1_16 de basic_1, hauteur 45
[Tick 280] Tentative de minage au tick 280
[Tick 281] Nouveau bloc accepté: greedy_0_27 de greedy_0, hauteur 45
[Tick 281] Nouveau bloc accepté: basic_0_19 de basic_0, hauteur 47
[Tick 281] Nouveau bloc accepté: greedy_1_26 de logging_1, hauteur 47
[Tick 283] Choix du parent: basic_0_19 (hauteur 47)
[Tick 283] Nouveau bloc accepté: adaptive_0_18 de greedy_3, hauteur 46
[Tick 285] Nouveau bloc accepté: greedy_1_27 de greedy_1, hauteur 48
[Tick 286] Nouveau bloc accepté: greedy_3_24 de greedy_3, hauteur 47
[Tick 288] Nouveau bloc accepté: greedy_3_25 de greedy_3, hauteur 48
[Tick 288] Nouveau bloc accepté: logging_1_18 de basic_0, hauteur 48
[Tick 289] Bloc rejeté: logging_0_17 de basic_1
[Tick 290] Tentative de minage au tick 290
[Tick 292] Nouveau bloc accepté: basic_1_17 de basic_0, hauteur 48
[Tick 292] Nouveau bloc accepté: greedy_1_28 de greedy_0, hauteur 49
[Tick 293] Nouveau bloc accepté: greedy_0_28 de greedy_0, hauteur 48
[Tick 293] Nouveau bloc accepté: conservative_0_13 de greedy_0, hauteur 49
[Tick 295] Choix du parent: greedy_1_28 (hauteur 49)
[Tick 298] Nouveau bloc accepté: basic_0_20 de logging_1, hauteur 49
[Tick 300] Tentative de minage au tick 300
[Tick 300] Nouveau bloc accepté: adaptive_0_19 de adaptive_0, hauteur 50
[Tick 302] Nouveau bloc accepté: basic_1_18 de basic_1, hauteur 50
[Tick 305] Choix du parent: logging_0_18 (hauteur 50)
[Tick 305] Bloc rejeté: logging_0_18 de basic_1
[Tick 306] Nouveau bloc accepté: logging_1_19 de basic_1, hauteur 51
[Tick 307] Nouveau bloc accepté: greedy_3_26 de greedy_3, hauteur 50
[Tick 310] Tentative de minage au tick 310
[Tick 310] Bloc rejeté: logging_0_19 de greedy_1
[Tick 312] Nouveau bloc accepté: basic_0_21 de basic_0, hauteur 51
[Tick 313] Bloc rejeté: greedy_1_30 de adaptive_0
[Tick 314] Nouveau bloc accepté: greedy_1_29 de greedy_1, hauteur 51
[Tick 314] Bloc rejeté: greedy_0_30 de adaptive_0
[Tick 316] Nouveau bloc accepté: basic_1_19 de basic_1, hauteur 52
[Tick 316] Bloc rejeté: adaptive_0_20 de adaptive_0
[Tick 317] Nouveau bloc accepté: greedy_0_29 de greedy_0, hauteur 51
[Tick 318] Choix du parent: greedy_1_30 (hauteur 52)
[Tick 320] Tentative de minage au tick 320
[Tick 320] Bloc rejeté: logging_1_20 de greedy_1
[Tick 321] Nouveau bloc accepté: greedy_3_27 de greedy_3, hauteur 52
[Tick 321] Nouveau bloc accepté: conservative_0_14 de basic_1, hauteur 52
[Tick 324] Nouveau bloc accepté: greedy_0_31 de greedy_3, hauteur 53
[Tick 324] Nouveau bloc accepté: greedy_1_31 de adaptive_0, hauteur 53
[Tick 325] Bloc rejeté: logging_0_20 de greedy_3
[Tick 326] Nouveau bloc accepté: basic_0_22 de basic_0, hauteur 54
[Tick 327] Bloc rejeté: greedy_3_29 de greedy_3
[Tick 328] Nouveau bloc accepté: adaptive_0_21 de logging_1, hauteur 54
[Tick 329] Nouveau bloc accepté: greedy_3_28 de greedy_1, hauteur 54
[Tick 330] Tentative de minage au tick 330
[Tick 330] Choix du parent: greedy_3_29 (hauteur 55)
[Tick 332] Nouveau bloc accepté: conservative_0_15 de conservative_0, hauteur 55
[Tick 333] Nouveau bloc accepté: greedy_1_32 de greedy_1, hauteur 55
[Tick 335] Nouveau bloc accepté: basic_1_20 de adaptive_0, hauteur 55
[Tick 336] Nouveau bloc accepté: greedy_0_32 de adaptive_0, hauteur 55
[Tick 336] Nouveau bloc accepté: greedy_0_33 de greedy_0, hauteur 56
[Tick 337] Nouveau bloc accepté: logging_1_21 de logging_1, hauteur 56
[Tick 337] Nouveau bloc accepté: greedy_3_30 de greedy_3, hauteur 56
[Tick 340] Tentative de minage au tick 340
[Tick 340] Bloc rejeté: logging_0_21 de basic_0
[Tick 342] Nouveau bloc accepté: basic_0_23 de basic_0, hauteur 57
[Tick 344] Choix du parent: basic_0_23 (hauteur 57)
[Tick 345] Nouveau bloc accepté: greedy_1_33 de logging_1, hauteur 57
[Tick 347] Nouveau bloc accepté: adaptive_0_22 de logging_1, hauteur 57
[Tick 349] Nouveau bloc accepté: conservative_0_16 de conservative_0, hauteur 58
[Tick 350] Tentative de minage au tick 350
[Tick 352] Nouveau bloc accepté: logging_1_22 de basic_0, hauteur 58
[Tick 353] Nouveau bloc accepté: basic_1_21 de basic_1, hauteur 59
[Tick 354] Choix du parent: basic_1_21 (hauteur 59)
[Tick 354] Bloc rejeté: logging_0_22 de adaptive_0
[Tick 356] Nouveau bloc accepté: greedy_3_31 de basic_0, hauteur 58
[Tick 357] Nouveau bloc accepté: greedy_0_34 de greedy_0, hauteur 58
[Tick 360] Tentative de minage au tick 360
[Tick 360] Nouveau bloc accepté: adaptive_0_23 de adaptive_0, hauteur 59
[Tick 363] Nouveau bloc accepté: basic_0_24 de greedy_1, hauteur 59
[Tick 363] Nouveau bloc accepté: greedy_1_34 de adaptive_0, hauteur 59
[Tick 367] Nouveau bloc accepté: greedy_3_32 de greedy_1, hauteur 59
[Tick 369] Nouveau bloc accepté: greedy_0_35 de basic_0, hauteur 60
[Tick 370] Tentative de minage au tick 370
[Tick 372] Choix du parent: logging_0_23 (hauteur 60)
[Tick 372] Bloc rejeté: logging_0_23 de greedy_0
[Tick 373] Nouveau bloc accepté: greedy_1_35 de greedy_1, hauteur 60
[Tick 374] Nouveau bloc accepté: basic_0_25 de basic_1, hauteur 61
[Tick 376] Nouveau bloc accepté: greedy_3_33 de greedy_3, hauteur 61
[Tick 376] Nouveau bloc accepté: logging_1_23 de greedy_3, hauteur 62
[Tick 377] Nouveau bloc accepté: greedy_1_36 de greedy_1, hauteur 63
[Tick 378] Nouveau bloc accepté: basic_1_22 de greedy_0, hauteur 62
[Tick 379] Nouveau bloc accepté: conservative_0_17 de conservative_0, hauteur 61
[Tick 380] Tentative de minage au tick 380
[Tick 381] Nouveau bloc accepté: adaptive_0_24 de adaptive_0, hauteur 62
[Tick 383] Bloc rejeté: logging_0_24 de greedy_3
[Tick 384] Nouveau bloc accepté: greedy_0_36 de greedy_0, hauteur 63
[Tick 387] Nouveau bloc accepté: greedy_1_37 de greedy_1, hauteur 64
[Tick 389] Nouveau bloc accepté: greedy_0_37 de greedy_3, hauteur 64
[Tick 389] Nouveau bloc accepté: greedy_1_38 de greedy_1, hauteur 65
[Tick 390] Tentative de minage au tick 390
[Tick 390] Nouveau bloc accepté: basic_0_26 de adaptive_0, hauteur 63
[Tick 391] Choix du parent: greedy_1_38 (hauteur 65)
[Tick 393] Nouveau bloc accepté: basic_1_23 de basic_1, hauteur 66
[Tick 395] Nouveau bloc accepté: greedy_3_34 de greedy_0, hauteur 64
[Tick 396] Nouveau bloc accepté: greedy_3_35 de greedy_3, hauteur 65
[Tick 396] Nouveau bloc accepté: conservative_0_18 de conservative_0, hauteur 66
[Tick 396] Nouveau bloc accepté: logging_1_25 de logging_1, hauteur 67
[Tick 398] Nouveau bloc accepté: logging_1_24 de greedy_0, hauteur 63
[Tick 399] Nouveau bloc accepté: adaptive_0_25 de adaptive_0, hauteur 64
[Tick 400] Tentative de minage au tick 400
[Tick 401] Nouveau bloc accepté: adaptive_0_26 de adaptive_0, hauteur 67
[Tick 401] Nouveau bloc accepté: greedy_3_36 de basic_0, hauteur 66
[Tick 402] Nouveau bloc accepté: greedy_0_38 de greedy_3, hauteur 65
[Tick 404] Bloc rejeté: logging_0_25 de basic_0
[Tick 406] Bloc rejeté: greedy_1_40 de greedy_1
[Tick 407] Nouveau bloc accepté: greedy_1_39 de greedy_1, hauteur 68
[Tick 407] Nouveau bloc accepté: basic_0_27 de logging_1, hauteur 67
[Tick 407] Nouveau bloc accepté: greedy_0_39 de basic_1, hauteur 68
[Tick 410] Tentative de minage au tick 410
[Tick 411] Nouveau bloc accepté: conservative_0_19 de conservative_0, hauteur 68
[Tick 412] Nouveau bloc accepté: basic_1_24 de basic_1, hauteur 68
[Tick 412] Nouveau bloc accepté: greedy_0_40 de basic_1, hauteur 69
[Tick 412] Nouveau bloc accepté: basic_0_28 de basic_0, hauteur 69
[Tick 413] Choix du parent: greedy_1_40 (hauteur 69)
[Tick 414] Nouveau bloc accepté: greedy_3_37 de greedy_0, hauteur 68
[Tick 417] Nouveau bloc accepté: logging_1_26 de greedy_3, hauteur 69
[Tick 418] Nouveau bloc accepté: adaptive_0_27 de adaptive_0, hauteur 70
[Tick 420] Tentative de minage au tick 420
[Tick 422] Nouveau bloc accepté: greedy_0_41 de greedy_0, hauteur 70
[Tick 423] Nouveau bloc accepté: greedy_1_41 de basic_0, hauteur 70
[Tick 424] Nouveau bloc accepté: basic_1_25 de basic_1, hauteur 71
[Tick 425] Nouveau bloc accepté: adaptive_0_28 de adaptive_0, hauteur 71
[Tick 426] Nouveau bloc accepté: greedy_1_42 de greedy_1, hauteur 71
[Tick 427] Bloc rejeté: logging_0_26 de greedy_3
[Tick 427] Nouveau bloc accepté: conservative_0_20 de conservative_0, hauteur 72
[Tick 427] Nouveau bloc accepté: greedy_3_38 de greedy_0, hauteur 71
[Tick 430] Tentative de minage au tick 430
[Tick 430] Choix du parent: conservative_0_20 (hauteur 72)
[Tick 432] Nouveau bloc accepté: greedy_3_39 de greedy_3, hauteur 73
[Tick 432] Bloc rejeté: logging_0_27 de basic_1
[Tick 433] Nouveau bloc accepté: basic_0_29 de basic_0, hauteur 72
[Tick 436] Nouveau bloc accepté: greedy_1_43 de greedy_3, hauteur 72
[Tick 437] Nouveau bloc accepté: greedy_0_42 de basic_1, hauteur 74
[Tick 437] Nouveau bloc accepté: basic_0_30 de basic_1, hauteur 74
[Tick 438] Nouveau bloc accepté: greedy_1_44 de greedy_1, hauteur 74
[Tick 439] Nouveau bloc accepté: greedy_3_40 de greedy_1, hauteur 74
[Tick 440] Tentative de minage au tick 440
[Tick 440] Nouveau bloc accepté: basic_1_26 de basic_1, hauteur 72
[Tick 440] Nouveau bloc accepté: logging_1_27 de basic_0, hauteur 72
[Tick 446] Nouveau bloc accepté: greedy_0_43 de greedy_0, hauteur 75
[Tick 447] Nouveau bloc accepté: adaptive_0_29 de adaptive_0, hauteur 75
[Tick 448] Choix du parent: greedy_0_43 (hauteur 75)
[Tick 448] Bloc rejeté: greedy_1_45 de greedy_1
[Tick 449] Nouveau bloc accepté: basic_1_27 de basic_1, hauteur 74
[Tick 450] Tentative de minage au tick 450
[Tick 453] Nouveau bloc accepté: conservative_0_21 de conservative_0, hauteur 75
[Tick 454] Nouveau bloc accepté: logging_1_28 de logging_1, hauteur 75
[Tick 454] Bloc rejeté: logging_0_28 de adaptive_0
[Tick 457] Nouveau bloc accepté: basic_1_28 de logging_1, hauteur 77
[Tick 460] Tentative de minage au tick 460
[Tick 461] Nouveau bloc accepté: greedy_0_44 de greedy_0, hauteur 77
[Tick 461] Nouveau bloc accepté: basic_0_31 de greedy_3, hauteur 75
[Tick 463] Choix du parent: basic_1_28 (hauteur 77)
[Tick 464] Nouveau bloc accepté: greedy_3_41 de greedy_3, hauteur 77
[Tick 466] Nouveau bloc accepté: logging_1_29 de greedy_3, hauteur 78
[Tick 466] Bloc rejeté: basic_0_33 de basic_0
[Tick 467] Nouveau bloc accepté: adaptive_0_30 de adaptive_0, hauteur 77
[Tick 468] Nouveau bloc accepté: greedy_1_46 de basic_0, hauteur 78
[Tick 469] Nouveau bloc accepté: basic_0_32 de basic_0, hauteur 78
[Tick 470] Tentative de minage au tick 470
[Tick 474] Nouveau bloc accepté: greedy_3_42 de greedy_3, hauteur 79
[Tick 476] Bloc rejeté: conservative_0_22 de conservative_0
[Tick 479] Choix du parent: basic_0_33 (hauteur 79)
[Tick 479] Nouveau bloc accepté: greedy_1_47 de greedy_1, hauteur 79
[Tick 479] Bloc rejeté: logging_0_29 de greedy_3
[Tick 480] Tentative de minage au tick 480
[Tick 482] Nouveau bloc accepté: greedy_3_43 de greedy_3, hauteur 80
[Tick 483] Nouveau bloc accepté: greedy_1_48 de greedy_1, hauteur 80
[Tick 485] Choix du parent: logging_0_30 (hauteur 80)
[Tick 485] Nouveau bloc accepté: greedy_1_49 de greedy_1, hauteur 81
[Tick 487] Nouveau bloc accepté: adaptive_0_31 de adaptive_0, hauteur 81
[Tick 487] Bloc rejeté: logging_0_30 de greedy_3
[Tick 490] Tentative de minage au tick 490
[Tick 490] Nouveau bloc accepté: greedy_3_44 de greedy_3, hauteur 81
[Tick 492] Nouveau bloc accepté: conservative_0_23 de conservative_0, hauteur 81
[Tick 494] Choix du parent: logging_0_31 (hauteur 81)
[Tick 495] Nouveau bloc accepté: greedy_3_45 de greedy_3, hauteur 82
[Tick 498] Nouveau bloc accepté: basic_0_34 de basic_0, hauteur 81
[Tick 500] Tentative de minage au tick 500
[Tick 500] Bloc rejeté: logging_0_32 de greedy_1
[Tick 501] Nouveau bloc accepté: adaptive_0_32 de adaptive_0, hauteur 82
[Tick 503] Nouveau bloc accepté: basic_0_35 de greedy_3, hauteur 83
[Tick 504] Bloc rejeté: logging_0_31 de greedy_3
[Tick 506] Choix du parent: basic_0_35 (hauteur 83)
[Tick 506] Nouveau bloc accepté: greedy_1_50 de greedy_1, hauteur 82
[Tick 506] Nouveau bloc accepté: greedy_1_51 de greedy_1, hauteur 83
[Tick 510] Tentative de minage au tick 510
[Tick 514] Nouveau bloc accepté: adaptive_0_33 de basic_0, hauteur 83
[Tick 516] Nouveau bloc accepté: greedy_3_46 de greedy_3, hauteur 84
[Tick 518] Choix du parent: logging_0_33 (hauteur 84)
[Tick 519] Nouveau bloc accepté: greedy_3_47 de greedy_3, hauteur 85
[Tick 520] Tentative de minage au tick 520
[Tick 520] Nouveau bloc accepté: conservative_0_24 de basic_0, hauteur 84
[Tick 520] Nouveau bloc accepté: adaptive_0_34 de adaptive_0, hauteur 85
[Tick 520] Nouveau bloc accepté: greedy_1_52 de greedy_3, hauteur 84
[Tick 522] Bloc rejeté: logging_0_33 de basic_0
[Tick 525] Nouveau bloc accepté: conservative_0_25 de conservative_0, hauteur 86
[Tick 527] Nouveau bloc accepté: basic_0_36 de basic_0, hauteur 84
[Tick 530] Tentative de minage au tick 530
[Tick 534] Choix du parent: conservative_0_25 (hauteur 86)
[Tick 535] Nouveau bloc accepté: greedy_1_53 de adaptive_0, hauteur 85
[Tick 535] Bloc rejeté: basic_0_38 de basic_0
[Tick 536] Nouveau bloc accepté: greedy_1_54 de greedy_1, hauteur 86
[Tick 536] Bloc rejeté: logging_0_35 de basic_0
[Tick 539] Bloc rejeté: greedy_3_49 de adaptive_0
[Tick 540] Tentative de minage au tick 540
[Tick 540] Nouveau bloc accepté: basic_0_37 de basic_0, hauteur 86
[Tick 541] Nouveau bloc accepté: greedy_3_48 de greedy_3, hauteur 87
[Tick 542] Bloc rejeté: logging_0_34 de greedy_1
[Tick 546] Nouveau bloc accepté: conservative_0_26 de conservative_0, hauteur 89
[Tick 548] Nouveau bloc accepté: greedy_1_55 de greedy_1, hauteur 88
[Tick 550] Tentative de minage au tick 550
[Tick 550] Nouveau bloc accepté: adaptive_0_35 de adaptive_0, hauteur 87
[Tick 550] Nouveau bloc accepté: greedy_3_50 de greedy_3, hauteur 89
[Tick 551] Choix du parent: conservative_0_26 (hauteur 89)
[Tick 552] Nouveau bloc accepté: greedy_1_56 de greedy_1, hauteur 89
[Tick 558] Nouveau bloc accepté: adaptive_0_36 de greedy_1, hauteur 89
[Tick 560] Tentative de minage au tick 560
[Tick 563] Nouveau bloc accepté: basic_0_39 de basic_0, hauteur 90
[Tick 564] Choix du parent: logging_0_36 (hauteur 90)
[Tick 564] Nouveau bloc accepté: greedy_3_51 de basic_0, hauteur 90
[Tick 564] Bloc rejeté: logging_0_36 de greedy_3
[Tick 570] Tentative de minage au tick 570
[Tick 572] Nouveau bloc accepté: greedy_1_57 de greedy_1, hauteur 91
[Tick 574] Choix du parent: logging_0_37 (hauteur 91)
[Tick 576] Nouveau bloc accepté: adaptive_0_37 de adaptive_0, hauteur 91
[Tick 576] Bloc rejeté: logging_0_37 de greedy_1
[Tick 577] Nouveau bloc accepté: greedy_3_52 de greedy_3, hauteur 91
[Tick 577] Nouveau bloc accepté: greedy_1_58 de greedy_1, hauteur 92
[Tick 578] Nouveau bloc accepté: conservative_0_27 de conservative_0, hauteur 91
[Tick 580] Tentative de minage au tick 580
[Tick 582] Nouveau bloc accepté: basic_0_40 de basic_0, hauteur 91
[Tick 582] Nouveau bloc accepté: greedy_3_53 de greedy_3, hauteur 93
[Tick 585] Bloc rejeté: logging_0_38 de basic_0
[Tick 587] Choix du parent: greedy_3_53 (hauteur 93)
[Tick 590] Tentative de minage au tick 590
[Tick 591] Nouveau bloc accepté: basic_0_41 de basic_0, hauteur 94
[Tick 592] Nouveau bloc accepté: adaptive_0_38 de adaptive_0, hauteur 93
[Tick 596] Nouveau bloc accepté: greedy_1_59 de greedy_3, hauteur 93
[Tick 597] Bloc rejeté: logging_0_39 de basic_0
[Tick 597] Nouveau bloc accepté: conservative_0_28 de conservative_0, hauteur 94
[Tick 599] Choix du parent: logging_0_39 (hauteur 94)
[Tick 600] Tentative de minage au tick 600
[Tick 602] Nouveau bloc accepté: adaptive_0_39 de adaptive_0, hauteur 94
[Tick 602] Bloc rejeté: greedy_3_55 de greedy_3
[Tick 607] Nouveau bloc accepté: greedy_1_60 de greedy_1, hauteur 95
[Tick 607] Nouveau bloc accepté: basic_0_42 de basic_0, hauteur 96
[Tick 607] Nouveau bloc accepté: adaptive_0_40 de adaptive_0, hauteur 97
[Tick 608] Nouveau bloc accepté: greedy_3_54 de greedy_3, hauteur 94
[Tick 610] Tentative de minage au tick 610
[Tick 610] Nouveau bloc accepté: conservative_0_29 de basic_0, hauteur 96
[Tick 613] Choix du parent: adaptive_0_40 (hauteur 97)
[Tick 616] Bloc rejeté: logging_0_40 de greedy_1
[Tick 616] Nouveau bloc accepté: greedy_3_56 de adaptive_0, hauteur 96
[Tick 619] Nouveau bloc accepté: greedy_3_57 de greedy_3, hauteur 98
[Tick 620] Tentative de minage au tick 620
[Tick 620] Nouveau bloc accepté: basic_0_43 de adaptive_0, hauteur 98
[Tick 622] Nouveau bloc accepté: greedy_1_61 de greedy_1, hauteur 96
[Tick 627] Bloc rejeté: logging_0_41 de adaptive_0
[Tick 629] Nouveau bloc accepté: adaptive_0_41 de greedy_3, hauteur 99
[Tick 630] Tentative de minage au tick 630
[Tick 630] Nouveau bloc accepté: conservative_0_30 de greedy_1, hauteur 99
[Tick 631] Choix du parent: adaptive_0_41 (hauteur 99)
[Tick 634] Nouveau bloc accepté: greedy_1_62 de greedy_1, hauteur 97
[Tick 635] Nouveau bloc accepté: greedy_1_63 de greedy_1, hauteur 99
[Tick 637] Bloc rejeté: greedy_1_64 de greedy_1
[Tick 640] Tentative de minage au tick 640
[Tick 642] Nouveau bloc accepté: basic_0_44 de basic_0, hauteur 99
[Tick 644] Bloc rejeté: logging_0_42 de adaptive_0
[Tick 645] Nouveau bloc accepté: greedy_3_58 de greedy_1, hauteur 100
[Tick 650] Tentative de minage au tick 650
[Tick 652] Choix du parent: greedy_1_64 (hauteur 101)
[Tick 652] Nouveau bloc accepté: adaptive_0_42 de adaptive_0, hauteur 100
[Tick 652] Nouveau bloc accepté: greedy_3_59 de greedy_3, hauteur 102
[Tick 653] Nouveau bloc accepté: greedy_1_65 de greedy_1, hauteur 102
[Tick 654] Bloc rejeté: basic_0_46 de basic_0
[Tick 658] Nouveau bloc accepté: conservative_0_31 de conservative_0, hauteur 101
[Tick 660] Tentative de minage au tick 660
[Tick 660] Nouveau bloc accepté: greedy_1_66 de greedy_1, hauteur 103
[Tick 665] Bloc rejeté: adaptive_0_43 de adaptive_0
[Tick 666] Nouveau bloc accepté: basic_0_45 de basic_0, hauteur 102
[Tick 666] Nouveau bloc accepté: greedy_3_60 de greedy_3, hauteur 103
[Tick 666] Bloc rejeté: logging_0_43 de greedy_1
[Tick 667] Nouveau bloc accepté: greedy_3_61 de greedy_3, hauteur 104
[Tick 669] Choix du parent: adaptive_0_43 (hauteur 104)
[Tick 670] Tentative de minage au tick 670
[Tick 671] Nouveau bloc accepté: adaptive_0_44 de adaptive_0, hauteur 105
[Tick 675] Choix du parent: logging_0_44 (hauteur 105)
[Tick 675] Bloc rejeté: greedy_3_63 de greedy_3
[Tick 676] Nouveau bloc accepté: basic_0_47 de basic_0, hauteur 105
[Tick 676] Nouveau bloc accepté: greedy_1_67 de greedy_1, hauteur 105
[Tick 678] Bloc rejeté: logging_0_44 de basic_0
[Tick 680] Tentative de minage au tick 680
[Tick 680] Bloc rejeté: greedy_3_64 de greedy_3
[Tick 682] Nouveau bloc accepté: conservative_0_32 de greedy_1, hauteur 104
[Tick 682] Nouveau bloc accepté: adaptive_0_45 de adaptive_0, hauteur 106
[Tick 683] Nouveau bloc accepté: greedy_3_62 de adaptive_0, hauteur 105
[Tick 684] Choix du parent: greedy_3_64 (hauteur 107)
[Tick 684] Nouveau bloc accepté: greedy_1_68 de basic_0, hauteur 106
[Tick 686] Nouveau bloc accepté: basic_0_48 de basic_0, hauteur 107
[Tick 690] Tentative de minage au tick 690
[Tick 690] Nouveau bloc accepté: basic_0_49 de adaptive_0, hauteur 108
[Tick 691] Bloc rejeté: logging_0_45 de basic_0
[Tick 695] Bloc rejeté: logging_0_46 de greedy_3
[Tick 696] Nouveau bloc accepté: greedy_3_65 de greedy_3, hauteur 108
[Tick 698] Nouveau bloc accepté: conservative_0_33 de conservative_0, hauteur 107
[Tick 700] Tentative de minage au tick 700
[Tick 700] Choix du parent: logging_0_46 (hauteur 108)
[Tick 701] Nouveau bloc accepté: greedy_3_66 de greedy_3, hauteur 109
[Tick 704] Nouveau bloc accepté: greedy_1_69 de greedy_1, hauteur 107
[Tick 707] Nouveau bloc accepté: basic_0_50 de basic_0, hauteur 109
[Tick 708] Nouveau bloc accepté: greedy_1_70 de greedy_3, hauteur 109
[Tick 709] Nouveau bloc accepté: adaptive_0_46 de adaptive_0, hauteur 109
[Tick 710] Tentative de minage au tick 710
[Tick 711] Nouveau bloc accepté: conservative_0_34 de greedy_1, hauteur 110
[Tick 711] Nouveau bloc accepté: greedy_3_67 de adaptive_0, hauteur 110
[Tick 712] Bloc rejeté: logging_0_47 de greedy_1
[Tick 718] Choix du parent: conservative_0_34 (hauteur 110)
[Tick 720] Tentative de minage au tick 720
[Tick 723] Nouveau bloc accepté: greedy_1_71 de greedy_1, hauteur 110
[Tick 724] Bloc rejeté: logging_0_48 de adaptive_0
[Tick 725] Nouveau bloc accepté: greedy_1_72 de greedy_1, hauteur 112
[Tick 726] Nouveau bloc accepté: basic_0_51 de basic_0, hauteur 110
[Tick 726] Bloc rejeté: adaptive_0_48 de adaptive_0
[Tick 729] Choix du parent: greedy_1_72 (hauteur 112)
[Tick 729] Nouveau bloc accepté: conservative_0_35 de conservative_0, hauteur 112
[Tick 730] Tentative de minage au tick 730
[Tick 730] Bloc rejeté: greedy_3_69 de greedy_3
[Tick 731] Nouveau bloc accepté: adaptive_0_47 de greedy_1, hauteur 111
[Tick 733] Bloc rejeté: greedy_0_67 de basic_1
[Tick 735] Nouveau bloc accepté: greedy_3_68 de greedy_3, hauteur 111
[Tick 738] Bloc rejeté: logging_0_49 de greedy_3
[Tick 739] Choix du parent: logging_0_49 (hauteur 113)
[Tick 740] Tentative de minage au tick 740
[Tick 742] Bloc rejeté: greedy_1_74 de greedy_1
[Tick 744] Nouveau bloc accepté: greedy_1_73 de greedy_1, hauteur 113
[Tick 744] Nouveau bloc accepté: basic_0_52 de basic_0, hauteur 111
[Tick 748] Nouveau bloc accepté: greedy_3_70 de greedy_1, hauteur 114
[Tick 750] Tentative de minage au tick 750
[Tick 750] Bloc rejeté: basic_1_48 de basic_1
[Tick 750] Nouveau bloc accepté: greedy_3_71 de greedy_3, hauteur 115
[Tick 752] Bloc rejeté: basic_1_49 de basic_1
[Tick 754] Choix du parent: greedy_3_71 (hauteur 115)
[Tick 757] Nouveau bloc accepté: greedy_3_72 de greedy_3, hauteur 116
[Tick 759] Bloc rejeté: logging_0_50 de greedy_1
[Tick 760] Tentative de minage au tick 760
[Tick 761] Nouveau bloc accepté: greedy_1_75 de greedy_1, hauteur 115
[Tick 763] Nouveau bloc accepté: greedy_1_76 de greedy_3, hauteur 116
[Tick 766] Nouveau bloc accepté: greedy_1_77 de greedy_1, hauteur 117
[Tick 770] Tentative de minage au tick 770
[Tick 770] Bloc rejeté: basic_1_50 de basic_1
[Tick 772] Bloc rejeté: greedy_3_74 de greedy_3
[Tick 773] Choix du parent: greedy_1_77 (hauteur 117)
[Tick 773] Nouveau bloc accepté: basic_0_53 de basic_0, hauteur 112
[Tick 773] Nouveau bloc accepté: greedy_3_73 de greedy_1, hauteur 117
[Tick 776] Bloc rejeté: logging_0_51 de greedy_3
[Tick 777] Bloc rejeté: greedy_1_79 de greedy_1
[Tick 778] Nouveau bloc accepté: basic_0_54 de basic_0, hauteur 113
[Tick 780] Tentative de minage au tick 780
[Tick 780] Nouveau bloc accepté: greedy_1_78 de greedy_1, hauteur 118
[Tick 781] Nouveau bloc accepté: greedy_3_75 de greedy_3, hauteur 119
[Tick 790] Tentative de minage au tick 790
[Tick 791] Bloc rejeté: logging_0_52 de greedy_3
[Tick 793] Choix du parent: greedy_1_79 (hauteur 119)
[Tick 793] Bloc rejeté: basic_1_51 de basic_1
[Tick 793] Nouveau bloc accepté: greedy_3_76 de greedy_3, hauteur 120
[Tick 800] Tentative de minage au tick 800
[Tick 800] Nouveau bloc accepté: basic_0_55 de basic_0, hauteur 114
[Tick 801] Nouveau bloc accepté: greedy_1_80 de greedy_1, hauteur 120
[Tick 803] Nouveau bloc accepté: greedy_1_81 de greedy_1, hauteur 121
[Tick 806] Nouveau bloc accepté: greedy_3_77 de greedy_3, hauteur 121
[Tick 808] Choix du parent: greedy_1_81 (hauteur 121)
[Tick 809] Bloc rejeté: greedy_1_83 de greedy_1
[Tick 810] Tentative de minage au tick 810
[Tick 810] Bloc rejeté: basic_1_52 de basic_1
[Tick 817] Nouveau bloc accepté: greedy_3_78 de greedy_3, hauteur 122
[Tick 817] Nouveau bloc accepté: basic_0_56 de greedy_1, hauteur 115
[Tick 818] Nouveau bloc accepté: greedy_1_82 de greedy_1, hauteur 122
[Tick 819] Bloc rejeté: logging_0_53 de greedy_1
[Tick 820] Tentative de minage au tick 820
[Tick 822] Choix du parent: greedy_1_83 (hauteur 123)
[Tick 823] Nouveau bloc accepté: greedy_3_79 de greedy_3, hauteur 124
[Tick 825] Bloc rejeté: basic_1_53 de basic_1
[Tick 825] Bloc rejeté: logging_0_55 de greedy_1
[Tick 828] Nouveau bloc accepté: basic_0_57 de basic_0, hauteur 116
[Tick 830] Tentative de minage au tick 830
[Tick 830] Nouveau bloc accepté: greedy_1_84 de greedy_1, hauteur 124
[Tick 832] Bloc rejeté: logging_0_54 de greedy_3
[Tick 837] Nouveau bloc accepté: greedy_1_85 de greedy_1, hauteur 125
[Tick 840] Tentative de minage au tick 840
[Tick 841] Bloc rejeté: basic_1_54 de basic_1
[Tick 843] Choix du parent: greedy_1_85 (hauteur 125)
[Tick 846] Nouveau bloc accepté: greedy_3_80 de greedy_3, hauteur 125
[Tick 847] Nouveau bloc accepté: greedy_1_86 de greedy_1, hauteur 126
[Tick 850] Tentative de minage au tick 850
[Tick 851] Nouveau bloc accepté: greedy_1_87 de greedy_1, hauteur 127
[Tick 852] Bloc rejeté: basic_1_55 de basic_1
[Tick 854] Nouveau bloc accepté: basic_0_58 de greedy_1, hauteur 117
[Tick 856] Bloc rejeté: greedy_3_82 de greedy_3
[Tick 858] Nouveau bloc accepté: greedy_3_81 de greedy_3, hauteur 127
[Tick 860] Tentative de minage au tick 860
[Tick 860] Nouveau bloc accepté: greedy_1_88 de greedy_1, hauteur 128
[Tick 862] Choix du parent: greedy_3_82 (hauteur 128)
[Tick 865] Bloc rejeté: logging_0_56 de greedy_1
[Tick 866] Bloc rejeté: basic_1_56 de basic_1
[Tick 870] Tentative de minage au tick 870
[Tick 871] Bloc rejeté: basic_1_57 de basic_1
[Tick 871] Nouveau bloc accepté: greedy_1_89 de greedy_1, hauteur 129
[Tick 872] Nouveau bloc accepté: basic_0_59 de basic_0, hauteur 118
[Tick 873] Bloc rejeté: logging_0_57 de greedy_1
[Tick 875] Choix du parent: logging_0_57 (hauteur 129)
[Tick 880] Tentative de minage au tick 880
[Tick 882] Nouveau bloc accepté: greedy_3_83 de greedy_1, hauteur 129
[Tick 883] Nouveau bloc accepté: basic_0_60 de basic_0, hauteur 119
[Tick 885] Nouveau bloc accepté: greedy_1_90 de greedy_1, hauteur 130
[Tick 888] Choix du parent: logging_0_58 (hauteur 130)
[Tick 888] Bloc rejeté: basic_1_58 de basic_1
[Tick 890] Tentative de minage au tick 890
[Tick 890] Nouveau bloc accepté: greedy_3_84 de greedy_3, hauteur 130
[Tick 897] Bloc rejeté: logging_0_58 de greedy_1
[Tick 898] Nouveau bloc accepté: greedy_1_91 de greedy_1, hauteur 132
[Tick 900] Tentative de minage au tick 900
[Tick 900] Choix du parent: greedy_1_91 (hauteur 132)
[Tick 902] Bloc rejeté: logging_0_59 de greedy_3
[Tick 904] Bloc rejeté: basic_1_59 de basic_1
[Tick 905] Nouveau bloc accepté: basic_0_61 de greedy_1, hauteur 120
[Tick 906] Nouveau bloc accepté: greedy_3_85 de greedy_3, hauteur 132
[Tick 906] Bloc rejeté: logging_0_60 de greedy_1
[Tick 907] Nouveau bloc accepté: greedy_3_86 de greedy_3, hauteur 133
[Tick 910] Tentative de minage au tick 910
[Tick 914] Nouveau bloc accepté: greedy_1_92 de greedy_1, hauteur 134
[Tick 915] Bloc rejeté: basic_1_60 de basic_1
[Tick 920] Tentative de minage au tick 920
[Tick 920] Choix du parent: greedy_1_92 (hauteur 134)
[Tick 921] Nouveau bloc accepté: basic_0_62 de greedy_1, hauteur 121
[Tick 922] Bloc rejeté: logging_0_61 de greedy_1
[Tick 925] Nouveau bloc accepté: greedy_3_87 de greedy_3, hauteur 134
[Tick 927] Bloc rejeté: greedy_1_94 de greedy_1
[Tick 930] Tentative de minage au tick 930
[Tick 930] Nouveau bloc accepté: greedy_1_93 de greedy_3, hauteur 135
[Tick 935] Bloc rejeté: basic_1_61 de basic_1
[Tick 936] Nouveau bloc accepté: greedy_3_88 de greedy_1, hauteur 135
[Tick 936] Nouveau bloc accepté: greedy_3_89 de greedy_3, hauteur 136
[Tick 937] Choix du parent: greedy_1_94 (hauteur 136)
[Tick 940] Tentative de minage au tick 940
[Tick 945] Nouveau bloc accepté: basic_0_63 de greedy_1, hauteur 122
[Tick 945] Bloc rejeté: basic_1_62 de basic_1
[Tick 950] Tentative de minage au tick 950
[Tick 950] Choix du parent: logging_0_62 (hauteur 137)
[Tick 951] Nouveau bloc accepté: greedy_3_90 de greedy_3, hauteur 137
[Tick 955] Nouveau bloc accepté: greedy_1_95 de greedy_1, hauteur 137
[Tick 960] Tentative de minage au tick 960
[Tick 961] Nouveau bloc accepté: basic_0_64 de basic_0, hauteur 123
[Tick 961] Bloc rejeté: basic_1_63 de basic_1
[Tick 962] Nouveau bloc accepté: greedy_1_96 de greedy_1, hauteur 138
[Tick 962] Nouveau bloc accepté: greedy_3_91 de greedy_3, hauteur 138
[Tick 966] Nouveau bloc accepté: greedy_1_97 de greedy_1, hauteur 139
[Tick 968] Choix du parent: greedy_1_97 (hauteur 139)
[Tick 968] Nouveau bloc accepté: basic_0_65 de basic_0, hauteur 124
[Tick 970] Tentative de minage au tick 970


--- logging_1 ---
[Tick 0] Stratégie initialisée pour logging_1
[Tick 10] Tentative de minage au tick 10
[Tick 11] Nouveau bloc accepté: greedy_0_0 de greedy_2, hauteur 1
[Tick 16] Nouveau bloc accepté: greedy_0_1 de greedy_2, hauteur 2
[Tick 20] Tentative de minage au tick 20
[Tick 21] Nouveau bloc accepté: greedy_3_0 de greedy_3, hauteur 2
[Tick 21] Nouveau bloc accepté: greedy_1_0 de basic_0, hauteur 1
[Tick 22] Nouveau bloc accepté: greedy_2_0 de greedy_2, hauteur 2
[Tick 24] Choix du parent: greedy_0_1 (hauteur 2)
[Tick 24] Nouveau bloc accepté: greedy_1_1 de basic_1, hauteur 2
[Tick 24] Nouveau bloc accepté: logging_0_0 de logging_0, hauteur 3
[Tick 25] Nouveau bloc accepté: adaptive_0_0 de logging_0, hauteur 1
[Tick 26] Nouveau bloc accepté: basic_1_0 de basic_1, hauteur 2
[Tick 28] Nouveau bloc accepté: basic_0_0 de greedy_3, hauteur 2
[Tick 29] Nouveau bloc accepté: greedy_0_2 de greedy_0, hauteur 3
[Tick 30] Tentative de minage au tick 30
[Tick 33] Nouveau bloc accepté: greedy_3_1 de greedy_2, hauteur 3
[Tick 34] Bloc rejeté: logging_1_0 de greedy_1
[Tick 36] Nouveau bloc accepté: greedy_2_1 de basic_0, hauteur 3
[Tick 38] Nouveau bloc accepté: greedy_1_2 de greedy_1, hauteur 4
[Tick 38] Nouveau bloc accepté: adaptive_0_1 de basic_0, hauteur 3
[Tick 40] Tentative de minage au tick 40
[Tick 41] Nouveau bloc accepté: basic_0_1 de greedy_2, hauteur 4
[Tick 41] Bloc rejeté: adaptive_0_2 de adaptive_0
[Tick 41] Bloc rejeté: greedy_2_2 de greedy_2
[Tick 42] Nouveau bloc accepté: greedy_0_3 de greedy_0, hauteur 4
[Tick 43] Choix du parent: greedy_1_2 (hauteur 4)
[Tick 43] Bloc rejeté: logging_0_1 de basic_0
[Tick 43] Nouveau bloc accepté: greedy_3_2 de greedy_2, hauteur 5
[Tick 44] Nouveau bloc accepté: basic_1_1 de basic_1, hauteur 4
[Tick 45] Nouveau bloc accepté: conservative_0_0 de conservative_0, hauteur 4
[Tick 48] Bloc rejeté: logging_1_1 de greedy_1
[Tick 50] Tentative de minage au tick 50
[Tick 53] Bloc rejeté: conservative_0_1 de conservative_0
[Tick 53] Nouveau bloc accepté: basic_0_2 de basic_0, hauteur 6
[Tick 54] Choix du parent: basic_0_2 (hauteur 6)
[Tick 56] Nouveau bloc accepté: greedy_0_4 de greedy_3, hauteur 5
[Tick 57] Nouveau bloc accepté: greedy_3_3 de greedy_1, hauteur 6
[Tick 58] Nouveau bloc accepté: greedy_1_3 de greedy_0, hauteur 5
[Tick 58] Nouveau bloc accepté: greedy_2_3 de basic_0, hauteur 6
[Tick 58] Nouveau bloc accepté: basic_1_2 de greedy_3, hauteur 6
[Tick 60] Tentative de minage au tick 60
[Tick 60] Nouveau bloc accepté: greedy_1_4 de greedy_2, hauteur 6
[Tick 61] Nouveau bloc accepté: adaptive_0_3 de greedy_0, hauteur 7
[Tick 62] Nouveau bloc accepté: greedy_0_5 de greedy_0, hauteur 7
[Tick 64] Nouveau bloc accepté: greedy_3_4 de greedy_1, hauteur 8
[Tick 65] Nouveau bloc accepté: logging_0_2 de logging_0, hauteur 9
[Tick 67] Bloc rejeté: logging_1_2 de greedy_1
[Tick 68] Nouveau bloc accepté: greedy_1_5 de adaptive_0, hauteur 9
[Tick 69] Nouveau bloc accepté: greedy_2_4 de greedy_3, hauteur 8
[Tick 70] Tentative de minage au tick 70
[Tick 71] Choix du parent: logging_0_2 (hauteur 9)
[Tick 72] Nouveau bloc accepté: basic_0_3 de basic_0, hauteur 8
[Tick 74] Nouveau bloc accepté: greedy_0_6 de greedy_0, hauteur 9
[Tick 75] Nouveau bloc accepté: adaptive_0_4 de greedy_2, hauteur 10
[Tick 79] Nouveau bloc accepté: greedy_1_6 de logging_0, hauteur 11
[Tick 80] Tentative de minage au tick 80
[Tick 80] Bloc rejeté: greedy_3_6 de greedy_3
[Tick 81] Nouveau bloc accepté: greedy_2_5 de greedy_2, hauteur 11
[Tick 81] Nouveau bloc accepté: conservative_0_2 de greedy_2, hauteur 10
[Tick 81] Nouveau bloc accepté: logging_0_3 de basic_0, hauteur 12
[Tick 82] Bloc rejeté: basic_1_3 de greedy_0
[Tick 82] Bloc rejeté: logging_1_3 de basic_0
[Tick 83] Nouveau bloc accepté: greedy_0_7 de greedy_0, hauteur 10
[Tick 83] Nouveau bloc accepté: greedy_3_5 de greedy_1, hauteur 10
[Tick 84] Nouveau bloc accepté: greedy_0_8 de greedy_3, hauteur 12
[Tick 85] Nouveau bloc accepté: basic_0_4 de basic_1, hauteur 11
[Tick 85] Nouveau bloc accepté: greedy_1_7 de logging_0, hauteur 12
[Tick 86] Nouveau bloc accepté: adaptive_0_5 de adaptive_0, hauteur 13
[Tick 88] Nouveau bloc accepté: greedy_2_6 de greedy_2, hauteur 13
[Tick 90] Tentative de minage au tick 90
[Tick 91] Nouveau bloc accepté: greedy_0_9 de greedy_2, hauteur 13
[Tick 92] Nouveau bloc accepté: greedy_1_8 de greedy_1, hauteur 14
[Tick 94] Choix du parent: greedy_1_8 (hauteur 14)
[Tick 97] Nouveau bloc accepté: basic_0_5 de greedy_3, hauteur 14
[Tick 99] Nouveau bloc accepté: greedy_3_7 de logging_0, hauteur 14
[Tick 99] Nouveau bloc accepté: conservative_0_3 de conservative_0, hauteur 14
[Tick 100] Tentative de minage au tick 100
[Tick 101] Nouveau bloc accepté: logging_0_4 de greedy_2, hauteur 14
[Tick 102] Nouveau bloc accepté: basic_1_4 de basic_1, hauteur 15
[Tick 102] Nouveau bloc accepté: greedy_0_10 de basic_1, hauteur 15
[Tick 103] Bloc rejeté: logging_1_4 de logging_0
[Tick 104] Choix du parent: logging_1_4 (hauteur 15)
[Tick 104] Nouveau bloc accepté: greedy_2_7 de greedy_0, hauteur 15
[Tick 106] Nouveau bloc accepté: greedy_1_9 de greedy_1, hauteur 16
[Tick 108] Nouveau bloc accepté: basic_1_5 de greedy_3, hauteur 17
[Tick 109] Nouveau bloc accepté: greedy_2_8 de greedy_2, hauteur 16
[Tick 110] Tentative de minage au tick 110
[Tick 110] Nouveau bloc accepté: greedy_3_8 de greedy_3, hauteur 16
[Tick 111] Nouveau bloc accepté: adaptive_0_6 de greedy_3, hauteur 16
[Tick 113] Bloc rejeté: basic_0_6 de basic_0
[Tick 113] Bloc rejeté: logging_1_5 de greedy_2
[Tick 116] Choix du parent: basic_1_5 (hauteur 17)
[Tick 116] Nouveau bloc accepté: logging_0_5 de logging_0, hauteur 17
[Tick 117] Nouveau bloc accepté: greedy_0_11 de adaptive_0, hauteur 17
[Tick 117] Nouveau bloc accepté: greedy_2_9 de greedy_2, hauteur 18
[Tick 118] Nouveau bloc accepté: conservative_0_4 de greedy_2, hauteur 16
[Tick 118] Nouveau bloc accepté: greedy_3_9 de greedy_3, hauteur 18
[Tick 119] Bloc rejeté: logging_1_6 de greedy_2
[Tick 120] Tentative de minage au tick 120
[Tick 120] Nouveau bloc accepté: greedy_1_10 de basic_1, hauteur 18
[Tick 122] Bloc rejeté: greedy_0_12 de greedy_0
[Tick 124] Nouveau bloc accepté: greedy_3_10 de greedy_3, hauteur 19
[Tick 125] Choix du parent: greedy_3_10 (hauteur 19)
[Tick 125] Nouveau bloc accepté: adaptive_0_7 de adaptive_0, hauteur 18
[Tick 125] Nouveau bloc accepté: basic_1_6 de basic_1, hauteur 19
[Tick 129] Nouveau bloc accepté: greedy_1_11 de greedy_0, hauteur 19
[Tick 130] Tentative de minage au tick 130
[Tick 130] Nouveau bloc accepté: greedy_2_10 de greedy_2, hauteur 20
[Tick 134] Choix du parent: logging_1_7 (hauteur 20)
[Tick 134] Nouveau bloc accepté: basic_0_7 de basic_0, hauteur 20
[Tick 135] Nouveau bloc accepté: basic_0_8 de basic_0, hauteur 21
[Tick 136] Nouveau bloc accepté: logging_0_6 de logging_0, hauteur 19
[Tick 136] Bloc rejeté: greedy_1_13 de greedy_1
[Tick 137] Nouveau bloc accepté: greedy_1_12 de greedy_2, hauteur 20
[Tick 137] Nouveau bloc accepté: adaptive_0_8 de greedy_0, hauteur 20
[Tick 138] Bloc rejeté: logging_1_7 de greedy_0
[Tick 139] Bloc rejeté: greedy_3_12 de greedy_3
[Tick 140] Tentative de minage au tick 140
[Tick 141] Nouveau bloc accepté: greedy_3_11 de greedy_0, hauteur 21
[Tick 141] Bloc rejeté: logging_1_8 de greedy_2
[Tick 142] Nouveau bloc accepté: greedy_0_13 de basic_0, hauteur 21
[Tick 142] Nouveau bloc accepté: conservative_0_5 de greedy_3, hauteur 21
[Tick 144] Choix du parent: greedy_3_12 (hauteur 22)
[Tick 144] Bloc rejeté: greedy_2_12 de greedy_2
[Tick 146] Bloc rejeté: adaptive_0_9 de adaptive_0
[Tick 146] Bloc rejeté: logging_1_9 de logging_0
[Tick 147] Nouveau bloc accepté: greedy_2_11 de greedy_3, hauteur 21
[Tick 148] Nouveau bloc accepté: basic_1_7 de basic_1, hauteur 23
[Tick 148] Bloc rejeté: basic_0_9 de basic_0
[Tick 149] Nouveau bloc accepté: greedy_2_13 de basic_1, hauteur 23
[Tick 150] Tentative de minage au tick 150
[Tick 152] Nouveau bloc accepté: conservative_0_6 de conservative_0, hauteur 24
[Tick 155] Nouveau bloc accepté: logging_0_7 de logging_0, hauteur 23
[Tick 155] Nouveau bloc accepté: greedy_0_14 de greedy_0, hauteur 24
[Tick 156] Nouveau bloc accepté: greedy_1_14 de greedy_1, hauteur 25
[Tick 156] Nouveau bloc accepté: basic_1_8 de basic_1, hauteur 25
[Tick 157] Nouveau bloc accepté: greedy_3_13 de logging_0, hauteur 25
[Tick 160] Tentative de minage au tick 160
[Tick 160] Nouveau bloc accepté: basic_0_10 de logging_0, hauteur 26
[Tick 161] Choix du parent: basic_0_10 (hauteur 26)
[Tick 161] Nouveau bloc accepté: greedy_2_14 de greedy_2, hauteur 26
[Tick 166] Nouveau bloc accepté: adaptive_0_10 de basic_1, hauteur 27
[Tick 166] Nouveau bloc accepté: logging_0_8 de greedy_0, hauteur 26
[Tick 167] Nouveau bloc accepté: greedy_1_15 de greedy_2, hauteur 26
[Tick 169] Nouveau bloc accepté: basic_1_9 de basic_1, hauteur 28
[Tick 169] Nouveau bloc accepté: greedy_3_14 de greedy_3, hauteur 27
[Tick 170] Tentative de minage au tick 170
[Tick 170] Nouveau bloc accepté: basic_0_11 de basic_0, hauteur 28
[Tick 170] Bloc rejeté: logging_1_10 de greedy_1
[Tick 171] Nouveau bloc accepté: logging_0_9 de logging_0, hauteur 29
[Tick 172] Nouveau bloc accepté: greedy_0_16 de greedy_0, hauteur 28
[Tick 173] Nouveau bloc accepté: greedy_0_15 de greedy_0, hauteur 26
[Tick 177] Nouveau bloc accepté: adaptive_0_11 de greedy_0, hauteur 29
[Tick 178] Nouveau bloc accepté: conservative_0_7 de greedy_3, hauteur 29
[Tick 178] Nouveau bloc accepté: greedy_2_15 de greedy_1, hauteur 28
[Tick 180] Tentative de minage au tick 180
[Tick 180] Nouveau bloc accepté: greedy_2_16 de greedy_2, hauteur 29
[Tick 180] Nouveau bloc accepté: greedy_1_16 de greedy_0, hauteur 29
[Tick 181] Nouveau bloc accepté: basic_0_12 de basic_0, hauteur 29
[Tick 183] Nouveau bloc accepté: greedy_0_17 de greedy_0, hauteur 30
[Tick 184] Choix du parent: greedy_0_17 (hauteur 30)
[Tick 184] Nouveau bloc accepté: greedy_1_17 de greedy_1, hauteur 30
[Tick 186] Nouveau bloc accepté: greedy_3_15 de greedy_0, hauteur 30
[Tick 189] Nouveau bloc accepté: greedy_0_18 de greedy_0, hauteur 31
[Tick 189] Nouveau bloc accepté: greedy_3_16 de greedy_3, hauteur 31
[Tick 190] Tentative de minage au tick 190
[Tick 190] Nouveau bloc accepté: logging_0_10 de logging_0, hauteur 30
[Tick 191] Bloc rejeté: logging_1_11 de adaptive_0
[Tick 197] Choix du parent: logging_1_11 (hauteur 31)
[Tick 197] Nouveau bloc accepté: basic_0_13 de greedy_0, hauteur 32
[Tick 198] Nouveau bloc accepté: basic_1_10 de greedy_2, hauteur 30
[Tick 198] Nouveau bloc accepté: conservative_0_8 de conservative_0, hauteur 31
[Tick 200] Tentative de minage au tick 200
[Tick 200] Bloc rejeté: logging_1_12 de basic_0
[Tick 201] Nouveau bloc accepté: greedy_1_18 de greedy_1, hauteur 32
[Tick 202] Nouveau bloc accepté: adaptive_0_12 de basic_1, hauteur 32
[Tick 204] Nouveau bloc accepté: greedy_0_19 de basic_0, hauteur 33
[Tick 205] Nouveau bloc accepté: adaptive_0_13 de adaptive_0, hauteur 33
[Tick 206] Choix du parent: greedy_0_19 (hauteur 33)
[Tick 206] Nouveau bloc accepté: greedy_0_20 de greedy_0, hauteur 34
[Tick 207] Nouveau bloc accepté: logging_0_11 de greedy_1, hauteur 32
[Tick 208] Nouveau bloc accepté: basic_1_11 de basic_1, hauteur 33
[Tick 210] Tentative de minage au tick 210
[Tick 211] Nouveau bloc accepté: greedy_3_17 de greedy_3, hauteur 33
[Tick 212] Bloc rejeté: logging_1_13 de basic_0
[Tick 213] Nouveau bloc accepté: greedy_1_19 de greedy_0, hauteur 34
[Tick 217] Nouveau bloc accepté: greedy_0_21 de greedy_0, hauteur 35
[Tick 220] Tentative de minage au tick 220
[Tick 220] Bloc rejeté: basic_1_12 de basic_1
[Tick 221] Nouveau bloc accepté: logging_0_12 de logging_0, hauteur 35
[Tick 221] Nouveau bloc accepté: greedy_3_18 de greedy_0, hauteur 35
[Tick 222] Choix du parent: basic_1_12 (hauteur 36)
[Tick 222] Nouveau bloc accepté: basic_0_14 de greedy_0, hauteur 36
[Tick 223] Nouveau bloc accepté: greedy_0_22 de basic_1, hauteur 37
[Tick 225] Nouveau bloc accepté: adaptive_0_14 de adaptive_0, hauteur 37
[Tick 226] Nouveau bloc accepté: conservative_0_10 de conservative_0, hauteur 38
[Tick 226] Nouveau bloc accepté: greedy_3_19 de greedy_0, hauteur 36
[Tick 226] Nouveau bloc accepté: basic_1_13 de basic_1, hauteur 38
[Tick 227] Nouveau bloc accepté: conservative_0_9 de logging_0, hauteur 34
[Tick 227] Nouveau bloc accepté: greedy_1_20 de basic_1, hauteur 35
[Tick 228] Nouveau bloc accepté: greedy_1_21 de basic_1, hauteur 36
[Tick 230] Tentative de minage au tick 230
[Tick 230] Bloc rejeté: logging_1_14 de logging_0
[Tick 235] Nouveau bloc accepté: greedy_0_23 de greedy_0, hauteur 39
[Tick 237] Nouveau bloc accepté: basic_0_15 de basic_0, hauteur 37
[Tick 237] Nouveau bloc accepté: logging_0_13 de logging_0, hauteur 39
[Tick 240] Tentative de minage au tick 240
[Tick 241] Nouveau bloc accepté: greedy_1_22 de greedy_1, hauteur 39
[Tick 243] Nouveau bloc accepté: greedy_3_20 de greedy_3, hauteur 40
[Tick 244] Choix du parent: greedy_3_20 (hauteur 40)
[Tick 247] Nouveau bloc accepté: greedy_0_24 de greedy_0, hauteur 41
[Tick 247] Nouveau bloc accepté: adaptive_0_15 de adaptive_0, hauteur 40
[Tick 249] Nouveau bloc accepté: basic_0_16 de adaptive_0, hauteur 40
[Tick 250] Tentative de minage au tick 250
[Tick 251] Nouveau bloc accepté: greedy_3_21 de greedy_3, hauteur 41
[Tick 253] Nouveau bloc accepté: greedy_3_22 de greedy_3, hauteur 42
[Tick 254] Choix du parent: greedy_3_22 (hauteur 42)
[Tick 256] Nouveau bloc accepté: basic_1_14 de adaptive_0, hauteur 41
[Tick 257] Nouveau bloc accepté: adaptive_0_16 de adaptive_0, hauteur 41
[Tick 259] Nouveau bloc accepté: greedy_1_23 de greedy_1, hauteur 42
[Tick 259] Nouveau bloc accepté: logging_0_14 de adaptive_0, hauteur 42
[Tick 259] Nouveau bloc accepté: conservative_0_11 de basic_1, hauteur 43
[Tick 260] Tentative de minage au tick 260
[Tick 261] Nouveau bloc accepté: greedy_0_25 de logging_0, hauteur 43
[Tick 261] Bloc rejeté: logging_1_15 de greedy_1
[Tick 262] Nouveau bloc accepté: greedy_1_24 de basic_0, hauteur 43
[Tick 262] Nouveau bloc accepté: greedy_0_26 de greedy_0, hauteur 44
[Tick 263] Nouveau bloc accepté: basic_1_15 de basic_1, hauteur 43
[Tick 264] Bloc rejeté: logging_1_16 de basic_0
[Tick 265] Nouveau bloc accepté: adaptive_0_17 de adaptive_0, hauteur 44
[Tick 266] Nouveau bloc accepté: logging_0_15 de logging_0, hauteur 44
[Tick 269] Choix du parent: greedy_0_26 (hauteur 44)
[Tick 269] Bloc rejeté: greedy_1_25 de logging_0
[Tick 270] Tentative de minage au tick 270
[Tick 270] Nouveau bloc accepté: basic_0_17 de greedy_0, hauteur 42
[Tick 273] Nouveau bloc accepté: greedy_3_23 de greedy_3, hauteur 44
[Tick 273] Nouveau bloc accepté: conservative_0_12 de greedy_3, hauteur 45
[Tick 276] Nouveau bloc accepté: logging_0_16 de greedy_3, hauteur 45
[Tick 277] Nouveau bloc accepté: basic_1_16 de basic_1, hauteur 45
[Tick 277] Nouveau bloc accepté: greedy_0_27 de greedy_0, hauteur 45
[Tick 278] Nouveau bloc accepté: basic_0_19 de basic_0, hauteur 47
[Tick 279] Nouveau bloc accepté: basic_0_18 de basic_0, hauteur 45
[Tick 279] Nouveau bloc accepté: greedy_1_26 de greedy_1, hauteur 47
[Tick 279] Nouveau bloc accepté: greedy_3_24 de greedy_1, hauteur 47
[Tick 280] Tentative de minage au tick 280
[Tick 281] Choix du parent: basic_0_19 (hauteur 47)
[Tick 282] Bloc rejeté: logging_1_17 de greedy_3
[Tick 283] Nouveau bloc accepté: greedy_1_27 de greedy_1, hauteur 48
[Tick 287] Nouveau bloc accepté: basic_1_17 de adaptive_0, hauteur 48
[Tick 288] Nouveau bloc accepté: logging_0_17 de greedy_1, hauteur 48
[Tick 290] Tentative de minage au tick 290
[Tick 290] Nouveau bloc accepté: greedy_3_25 de logging_0, hauteur 48
[Tick 291] Nouveau bloc accepté: conservative_0_13 de conservative_0, hauteur 49
[Tick 292] Nouveau bloc accepté: basic_0_20 de basic_0, hauteur 49
[Tick 294] Nouveau bloc accepté: adaptive_0_18 de logging_0, hauteur 46
[Tick 295] Bloc rejeté: logging_1_18 de basic_0
[Tick 295] Nouveau bloc accepté: greedy_1_28 de greedy_0, hauteur 49
[Tick 295] Nouveau bloc accepté: logging_0_18 de logging_0, hauteur 50
[Tick 297] Nouveau bloc accepté: greedy_0_28 de greedy_0, hauteur 48
[Tick 299] Nouveau bloc accepté: greedy_3_26 de greedy_3, hauteur 50
[Tick 300] Tentative de minage au tick 300
[Tick 303] Choix du parent: logging_0_18 (hauteur 50)
[Tick 303] Nouveau bloc accepté: greedy_0_29 de greedy_0, hauteur 51
[Tick 305] Nouveau bloc accepté: basic_1_18 de greedy_3, hauteur 50
[Tick 306] Nouveau bloc accepté: adaptive_0_19 de basic_1, hauteur 50
[Tick 307] Nouveau bloc accepté: greedy_1_29 de greedy_1, hauteur 51
[Tick 307] Nouveau bloc accepté: basic_0_21 de greedy_3, hauteur 51
[Tick 309] Nouveau bloc accepté: greedy_3_27 de greedy_3, hauteur 52
[Tick 310] Tentative de minage au tick 310
[Tick 314] Bloc rejeté: logging_1_19 de logging_0
[Tick 314] Nouveau bloc accepté: greedy_1_30 de greedy_1, hauteur 52
[Tick 314] Nouveau bloc accepté: greedy_0_30 de basic_0, hauteur 52
[Tick 316] Bloc rejeté: conservative_0_14 de conservative_0
[Tick 317] Nouveau bloc accepté: logging_0_19 de greedy_1, hauteur 51
[Tick 318] Nouveau bloc accepté: basic_1_19 de adaptive_0, hauteur 52
[Tick 319] Choix du parent: greedy_3_27 (hauteur 52)
[Tick 319] Nouveau bloc accepté: greedy_1_31 de greedy_1, hauteur 53
[Tick 320] Tentative de minage au tick 320
[Tick 320] Nouveau bloc accepté: adaptive_0_20 de basic_1, hauteur 53
[Tick 321] Nouveau bloc accepté: logging_0_20 de greedy_3, hauteur 53
[Tick 323] Nouveau bloc accepté: greedy_0_31 de greedy_0, hauteur 53
[Tick 323] Nouveau bloc accepté: greedy_3_28 de greedy_3, hauteur 54
[Tick 323] Nouveau bloc accepté: basic_0_22 de basic_0, hauteur 54
[Tick 327] Nouveau bloc accepté: adaptive_0_21 de adaptive_0, hauteur 54
[Tick 329] Nouveau bloc accepté: greedy_1_32 de greedy_1, hauteur 55
[Tick 330] Tentative de minage au tick 330
[Tick 330] Nouveau bloc accepté: greedy_3_29 de greedy_3, hauteur 55
[Tick 330] Nouveau bloc accepté: greedy_0_32 de greedy_0, hauteur 55
[Tick 332] Bloc rejeté: logging_1_20 de basic_0
[Tick 334] Choix du parent: greedy_1_32 (hauteur 55)
[Tick 337] Nouveau bloc accepté: basic_1_20 de logging_0, hauteur 55
[Tick 337] Nouveau bloc accepté: greedy_0_33 de adaptive_0, hauteur 56
[Tick 338] Nouveau bloc accepté: logging_0_21 de logging_0, hauteur 56
[Tick 340] Tentative de minage au tick 340
[Tick 341] Nouveau bloc accepté: conservative_0_15 de conservative_0, hauteur 55
[Tick 342] Bloc rejeté: logging_1_21 de greedy_3
[Tick 344] Nouveau bloc accepté: greedy_1_33 de greedy_1, hauteur 57
[Tick 344] Nouveau bloc accepté: adaptive_0_22 de basic_0, hauteur 57
[Tick 347] Bloc rejeté: logging_0_22 de logging_0
[Tick 347] Nouveau bloc accepté: greedy_3_30 de greedy_1, hauteur 56
[Tick 350] Tentative de minage au tick 350
[Tick 350] Choix du parent: greedy_1_33 (hauteur 57)
[Tick 352] Nouveau bloc accepté: basic_0_23 de logging_0, hauteur 57
[Tick 352] Nouveau bloc accepté: basic_0_24 de basic_0, hauteur 59
[Tick 352] Bloc rejeté: logging_1_22 de greedy_3
[Tick 353] Nouveau bloc accepté: conservative_0_16 de logging_0, hauteur 58
[Tick 357] Nouveau bloc accepté: greedy_0_34 de greedy_0, hauteur 58
[Tick 357] Nouveau bloc accepté: greedy_3_31 de basic_0, hauteur 58
[Tick 357] Nouveau bloc accepté: greedy_1_34 de greedy_1, hauteur 59
[Tick 358] Bloc rejeté: logging_0_23 de adaptive_0
[Tick 360] Tentative de minage au tick 360
[Tick 364] Nouveau bloc accepté: basic_1_21 de greedy_0, hauteur 59
[Tick 365] Nouveau bloc accepté: adaptive_0_23 de greedy_0, hauteur 59
[Tick 367] Nouveau bloc accepté: greedy_3_32 de adaptive_0, hauteur 59
[Tick 369] Nouveau bloc accepté: greedy_3_33 de greedy_0, hauteur 61
[Tick 370] Tentative de minage au tick 370
[Tick 370] Choix du parent: greedy_3_33 (hauteur 61)
[Tick 373] Nouveau bloc accepté: greedy_1_35 de greedy_1, hauteur 60
[Tick 376] Bloc rejeté: basic_0_25 de logging_0
[Tick 377] Nouveau bloc accepté: greedy_0_35 de basic_0, hauteur 60
[Tick 377] Nouveau bloc accepté: logging_0_24 de adaptive_0, hauteur 61
[Tick 378] Bloc rejeté: logging_1_23 de adaptive_0
[Tick 380] Tentative de minage au tick 380
[Tick 380] Nouveau bloc accepté: basic_1_22 de greedy_1, hauteur 62
[Tick 383] Nouveau bloc accepté: adaptive_0_24 de basic_0, hauteur 62
[Tick 383] Bloc rejeté: greedy_3_34 de greedy_3
[Tick 383] Nouveau bloc accepté: conservative_0_17 de greedy_1, hauteur 61
[Tick 385] Bloc rejeté: greedy_1_37 de greedy_1
[Tick 387] Choix du parent: logging_1_23 (hauteur 62)
[Tick 387] Nouveau bloc accepté: greedy_0_36 de greedy_3, hauteur 63
[Tick 390] Tentative de minage au tick 390
[Tick 390] Nouveau bloc accepté: greedy_1_36 de greedy_1, hauteur 63
[Tick 391] Nouveau bloc accepté: greedy_0_37 de greedy_0, hauteur 64
[Tick 392] Nouveau bloc accepté: basic_0_26 de logging_0, hauteur 63
[Tick 393] Nouveau bloc accepté: greedy_1_38 de basic_0, hauteur 65
[Tick 393] Nouveau bloc accepté: basic_1_23 de basic_1, hauteur 66
[Tick 394] Choix du parent: basic_1_23 (hauteur 66)
[Tick 394] Nouveau bloc accepté: adaptive_0_25 de adaptive_0, hauteur 64
[Tick 395] Bloc rejeté: logging_1_24 de basic_1
[Tick 395] Bloc rejeté: greedy_3_36 de greedy_3
[Tick 398] Nouveau bloc accepté: greedy_3_35 de greedy_0, hauteur 65
[Tick 400] Tentative de minage au tick 400
[Tick 402] Nouveau bloc accepté: logging_0_25 de basic_0, hauteur 66
[Tick 402] Nouveau bloc accepté: greedy_0_38 de greedy_0, hauteur 65
[Tick 403] Bloc rejeté: logging_1_25 de basic_1
[Tick 403] Nouveau bloc accepté: conservative_0_18 de logging_0, hauteur 66
[Tick 404] Nouveau bloc accepté: adaptive_0_26 de adaptive_0, hauteur 67
[Tick 406] Nouveau bloc accepté: basic_0_27 de basic_0, hauteur 67
[Tick 408] Nouveau bloc accepté: greedy_0_39 de basic_0, hauteur 68
[Tick 410] Tentative de minage au tick 410
[Tick 410] Bloc rejeté: greedy_1_40 de greedy_3
[Tick 411] Choix du parent: greedy_0_39 (hauteur 68)
[Tick 412] Nouveau bloc accepté: greedy_1_39 de logging_0, hauteur 68
[Tick 412] Nouveau bloc accepté: greedy_0_40 de basic_1, hauteur 69
[Tick 414] Nouveau bloc accepté: conservative_0_19 de conservative_0, hauteur 68
[Tick 414] Nouveau bloc accepté: logging_0_26 de logging_0, hauteur 70
[Tick 414] Bloc rejeté: logging_1_26 de greedy_3
[Tick 415] Nouveau bloc accepté: greedy_3_37 de greedy_3, hauteur 68
[Tick 417] Nouveau bloc accepté: basic_1_24 de basic_1, hauteur 68
[Tick 417] Nouveau bloc accepté: basic_0_28 de adaptive_0, hauteur 69
[Tick 420] Tentative de minage au tick 420
[Tick 420] Nouveau bloc accepté: adaptive_0_27 de adaptive_0, hauteur 70
[Tick 423] Nouveau bloc accepté: greedy_1_41 de greedy_1, hauteur 70
[Tick 424] Nouveau bloc accepté: greedy_0_41 de basic_0, hauteur 70
[Tick 424] Nouveau bloc accepté: basic_1_25 de basic_0, hauteur 71
[Tick 424] Nouveau bloc accepté: adaptive_0_28 de adaptive_0, hauteur 71
[Tick 425] Choix du parent: basic_1_25 (hauteur 71)
[Tick 427] Nouveau bloc accepté: conservative_0_20 de greedy_3, hauteur 72
[Tick 428] Nouveau bloc accepté: greedy_3_38 de basic_1, hauteur 71
[Tick 430] Tentative de minage au tick 430
[Tick 431] Nouveau bloc accepté: basic_1_26 de basic_1, hauteur 72
[Tick 433] Nouveau bloc accepté: greedy_1_42 de logging_0, hauteur 71
[Tick 433] Bloc rejeté: logging_1_27 de basic_0
[Tick 435] Nouveau bloc accepté: basic_0_29 de logging_0, hauteur 72
[Tick 435] Nouveau bloc accepté: greedy_3_39 de basic_0, hauteur 73
[Tick 438] Nouveau bloc accepté: greedy_1_44 de greedy_1, hauteur 74
[Tick 440] Tentative de minage au tick 440
[Tick 440] Nouveau bloc accepté: greedy_1_43 de greedy_1, hauteur 72
[Tick 440] Nouveau bloc accepté: greedy_0_42 de logging_0, hauteur 74
[Tick 440] Nouveau bloc accepté: greedy_3_40 de adaptive_0, hauteur 74
[Tick 442] Choix du parent: greedy_1_44 (hauteur 74)
[Tick 443] Nouveau bloc accepté: basic_1_27 de basic_1, hauteur 74
[Tick 446] Nouveau bloc accepté: logging_0_27 de logging_0, hauteur 73
[Tick 447] Nouveau bloc accepté: adaptive_0_29 de basic_1, hauteur 75
[Tick 447] Bloc rejeté: basic_0_31 de basic_0
[Tick 450] Tentative de minage au tick 450
[Tick 450] Nouveau bloc accepté: greedy_0_43 de logging_0, hauteur 75
[Tick 451] Nouveau bloc accepté: basic_0_30 de basic_0, hauteur 74
[Tick 451] Nouveau bloc accepté: conservative_0_21 de greedy_1, hauteur 75
[Tick 451] Nouveau bloc accepté: greedy_1_45 de greedy_1, hauteur 76
[Tick 452] Bloc rejeté: logging_1_28 de basic_0
[Tick 454] Nouveau bloc accepté: logging_0_28 de basic_1, hauteur 76
[Tick 455] Nouveau bloc accepté: basic_1_28 de basic_0, hauteur 77
[Tick 457] Nouveau bloc accepté: greedy_0_44 de greedy_0, hauteur 77
[Tick 459] Choix du parent: basic_1_28 (hauteur 77)
[Tick 460] Tentative de minage au tick 460
[Tick 463] Bloc rejeté: greedy_2_44 de greedy_2
[Tick 470] Tentative de minage au tick 470
[Tick 470] Choix du parent: logging_1_29 (hauteur 78)
[Tick 470] Nouveau bloc accepté: basic_0_32 de basic_0, hauteur 78
[Tick 471] Nouveau bloc accepté: adaptive_0_30 de greedy_1, hauteur 77
[Tick 472] Bloc rejeté: logging_1_29 de greedy_3
[Tick 472] Nouveau bloc accepté: greedy_3_41 de greedy_0, hauteur 77
[Tick 472] Bloc rejeté: logging_1_30 de basic_1
[Tick 476] Nouveau bloc accepté: greedy_1_46 de greedy_1, hauteur 78
[Tick 476] Nouveau bloc accepté: greedy_0_45 de greedy_0, hauteur 78
[Tick 478] Nouveau bloc accepté: basic_1_29 de basic_1, hauteur 80
[Tick 480] Tentative de minage au tick 480
[Tick 482] Bloc rejeté: greedy_2_45 de greedy_2
[Tick 484] Choix du parent: basic_1_29 (hauteur 80)
[Tick 490] Tentative de minage au tick 490
[Tick 492] Nouveau bloc accepté: greedy_0_46 de basic_1, hauteur 79
[Tick 495] Bloc rejeté: greedy_2_46 de greedy_2
[Tick 495] Bloc rejeté: logging_1_31 de basic_1
[Tick 497] Choix du parent: logging_1_31 (hauteur 81)
[Tick 500] Tentative de minage au tick 500
[Tick 500] Bloc rejeté: greedy_2_48 de greedy_2
[Tick 502] Nouveau bloc accepté: basic_1_30 de basic_1, hauteur 81
[Tick 503] Nouveau bloc accepté: greedy_0_47 de greedy_0, hauteur 82
[Tick 503] Nouveau bloc accepté: greedy_0_48 de greedy_0, hauteur 83
[Tick 505] Bloc rejeté: basic_1_32 de basic_1
[Tick 506] Bloc rejeté: greedy_2_47 de greedy_2
[Tick 510] Tentative de minage au tick 510
[Tick 510] Nouveau bloc accepté: basic_1_31 de greedy_0, hauteur 82
[Tick 513] Choix du parent: greedy_0_48 (hauteur 83)
[Tick 514] Bloc rejeté: logging_1_32 de greedy_0
[Tick 515] Nouveau bloc accepté: greedy_0_49 de greedy_0, hauteur 84
[Tick 520] Tentative de minage au tick 520
[Tick 522] Nouveau bloc accepté: basic_1_33 de basic_1, hauteur 84
[Tick 523] Nouveau bloc accepté: greedy_0_50 de greedy_0, hauteur 85
[Tick 523] Bloc rejeté: logging_1_33 de greedy_0
[Tick 530] Tentative de minage au tick 530
[Tick 530] Bloc rejeté: greedy_2_51 de greedy_2
[Tick 533] Nouveau bloc accepté: greedy_0_51 de greedy_0, hauteur 86
[Tick 534] Choix du parent: greedy_0_51 (hauteur 86)
[Tick 540] Tentative de minage au tick 540
[Tick 543] Nouveau bloc accepté: basic_1_34 de basic_1, hauteur 87
[Tick 546] Bloc rejeté: greedy_0_53 de greedy_0
[Tick 549] Nouveau bloc accepté: greedy_0_52 de basic_1, hauteur 87
[Tick 550] Tentative de minage au tick 550
[Tick 552] Choix du parent: greedy_0_53 (hauteur 88)
[Tick 552] Bloc rejeté: greedy_2_52 de greedy_2
[Tick 555] Nouveau bloc accepté: basic_1_35 de basic_1, hauteur 88
[Tick 558] Bloc rejeté: greedy_2_53 de greedy_2
[Tick 560] Tentative de minage au tick 560
[Tick 567] Bloc rejeté: greedy_0_54 de greedy_0
[Tick 569] Bloc rejeté: logging_1_34 de basic_1
[Tick 569] Bloc rejeté: greedy_2_54 de greedy_2
[Tick 569] Bloc rejeté: logging_1_35 de greedy_0
[Tick 570] Tentative de minage au tick 570
[Tick 570] Bloc rejeté: basic_1_37 de basic_1
[Tick 572] Nouveau bloc accepté: basic_1_36 de basic_1, hauteur 89
[Tick 573] Choix du parent: basic_1_37 (hauteur 91)
[Tick 580] Tentative de minage au tick 580
[Tick 584] Choix du parent: logging_1_36 (hauteur 92)
[Tick 585] Nouveau bloc accepté: greedy_0_55 de greedy_0, hauteur 91
[Tick 587] Nouveau bloc accepté: basic_1_38 de basic_1, hauteur 92
[Tick 587] Bloc rejeté: greedy_0_57 de greedy_0
[Tick 590] Tentative de minage au tick 590
[Tick 596] Nouveau bloc accepté: greedy_0_56 de greedy_0, hauteur 93
[Tick 596] Bloc rejeté: logging_1_36 de basic_1
[Tick 600] Tentative de minage au tick 600
[Tick 600] Bloc rejeté: greedy_2_57 de greedy_2
[Tick 601] Choix du parent: greedy_0_57 (hauteur 94)
[Tick 601] Nouveau bloc accepté: greedy_0_58 de greedy_0, hauteur 95
[Tick 602] Bloc rejeté: logging_1_37 de basic_1
[Tick 603] Nouveau bloc accepté: basic_1_39 de basic_1, hauteur 94
[Tick 606] Bloc rejeté: greedy_2_56 de greedy_2
[Tick 610] Tentative de minage au tick 610
[Tick 610] Bloc rejeté: logging_1_38 de greedy_0
[Tick 610] Bloc rejeté: greedy_2_58 de greedy_2
[Tick 614] Choix du parent: logging_1_38 (hauteur 95)
[Tick 620] Tentative de minage au tick 620
[Tick 623] Nouveau bloc accepté: basic_1_40 de basic_1, hauteur 97
[Tick 624] Nouveau bloc accepté: greedy_0_59 de basic_1, hauteur 96
[Tick 630] Tentative de minage au tick 630
[Tick 632] Bloc rejeté: greedy_2_59 de greedy_2
[Tick 633] Bloc rejeté: greedy_2_60 de greedy_2
[Tick 634] Choix du parent: basic_1_40 (hauteur 97)
[Tick 635] Bloc rejeté: logging_1_39 de basic_1
[Tick 636] Bloc rejeté: greedy_0_61 de greedy_0
[Tick 637] Nouveau bloc accepté: greedy_0_60 de basic_1, hauteur 97
[Tick 639] Bloc rejeté: greedy_2_61 de greedy_2
[Tick 640] Tentative de minage au tick 640
[Tick 650] Tentative de minage au tick 650
[Tick 651] Nouveau bloc accepté: greedy_0_62 de greedy_0, hauteur 99
[Tick 651] Nouveau bloc accepté: basic_1_41 de greedy_0, hauteur 98
[Tick 652] Choix du parent: greedy_0_62 (hauteur 99)
[Tick 653] Bloc rejeté: logging_1_40 de greedy_0
[Tick 659] Bloc rejeté: greedy_2_62 de greedy_2
[Tick 660] Tentative de minage au tick 660
[Tick 660] Nouveau bloc accepté: basic_1_42 de basic_1, hauteur 101
[Tick 664] Choix du parent: basic_1_42 (hauteur 101)
[Tick 664] Bloc rejeté: greedy_2_63 de greedy_2
[Tick 667] Bloc rejeté: logging_1_41 de basic_1
[Tick 670] Tentative de minage au tick 670
[Tick 670] Bloc rejeté: greedy_2_64 de greedy_2
[Tick 674] Bloc rejeté: greedy_0_64 de greedy_0
[Tick 676] Nouveau bloc accepté: greedy_0_63 de greedy_0, hauteur 101
[Tick 678] Bloc rejeté: logging_1_42 de basic_1
[Tick 680] Tentative de minage au tick 680
[Tick 682] Choix du parent: logging_1_42 (hauteur 102)
[Tick 686] Bloc rejeté: greedy_2_65 de greedy_2
[Tick 689] Nouveau bloc accepté: greedy_0_65 de greedy_0, hauteur 103
[Tick 690] Tentative de minage au tick 690
[Tick 691] Nouveau bloc accepté: basic_1_43 de basic_1, hauteur 103
[Tick 698] Choix du parent: logging_1_43 (hauteur 103)
[Tick 698] Bloc rejeté: logging_1_43 de basic_1
[Tick 699] Nouveau bloc accepté: basic_1_44 de basic_1, hauteur 104
[Tick 700] Tentative de minage au tick 700
[Tick 702] Bloc rejeté: greedy_2_67 de greedy_2
[Tick 702] Nouveau bloc accepté: greedy_0_66 de greedy_0, hauteur 104
[Tick 706] Bloc rejeté: greedy_2_66 de greedy_2
[Tick 710] Tentative de minage au tick 710
[Tick 712] Nouveau bloc accepté: basic_1_45 de basic_1, hauteur 105
[Tick 713] Choix du parent: basic_1_45 (hauteur 105)
[Tick 714] Bloc rejeté: logging_1_44 de greedy_0
[Tick 717] Bloc rejeté: greedy_2_68 de greedy_2
[Tick 720] Tentative de minage au tick 720
[Tick 720] Nouveau bloc accepté: greedy_0_67 de greedy_0, hauteur 105
[Tick 721] Nouveau bloc accepté: basic_1_46 de basic_1, hauteur 106
[Tick 721] Bloc rejeté: greedy_2_69 de greedy_2
[Tick 725] Bloc rejeté: logging_1_45 de greedy_0
[Tick 730] Tentative de minage au tick 730
[Tick 734] Choix du parent: logging_1_45 (hauteur 106)
[Tick 734] Nouveau bloc accepté: basic_1_47 de basic_1, hauteur 107
[Tick 735] Nouveau bloc accepté: greedy_0_68 de greedy_0, hauteur 106
[Tick 735] Bloc rejeté: greedy_2_70 de greedy_2
[Tick 736] Bloc rejeté: greedy_2_71 de greedy_2
[Tick 737] Bloc rejeté: greedy_3_68 de adaptive_0
[Tick 738] Nouveau bloc accepté: greedy_0_69 de greedy_0, hauteur 107
[Tick 738] Bloc rejeté: basic_0_51 de adaptive_0
[Tick 740] Tentative de minage au tick 740
[Tick 745] Nouveau bloc accepté: greedy_0_70 de greedy_0, hauteur 108
[Tick 749] Bloc rejeté: logging_0_49 de adaptive_0
[Tick 750] Tentative de minage au tick 750
[Tick 750] Bloc rejeté: greedy_3_69 de adaptive_0
[Tick 750] Bloc rejeté: greedy_2_72 de greedy_2
[Tick 750] Bloc rejeté: logging_1_46 de greedy_0
[Tick 751] Choix du parent: greedy_0_70 (hauteur 108)
[Tick 754] Bloc rejeté: adaptive_0_49 de adaptive_0
[Tick 755] Bloc rejeté: greedy_2_73 de greedy_2
[Tick 757] Bloc rejeté: greedy_1_72 de adaptive_0
[Tick 760] Tentative de minage au tick 760
[Tick 761] Bloc rejeté: greedy_2_74 de greedy_2
[Tick 763] Nouveau bloc accepté: greedy_0_71 de greedy_0, hauteur 109
[Tick 763] Nouveau bloc accepté: greedy_0_72 de greedy_0, hauteur 110
[Tick 765] Bloc rejeté: conservative_0_36 de conservative_0
[Tick 769] Bloc rejeté: logging_1_47 de greedy_0
[Tick 770] Tentative de minage au tick 770
[Tick 772] Bloc rejeté: conservative_0_37 de conservative_0
[Tick 774] Choix du parent: greedy_0_72 (hauteur 110)
[Tick 776] Bloc rejeté: adaptive_0_50 de adaptive_0
[Tick 779] Bloc rejeté: greedy_2_75 de greedy_2
[Tick 780] Tentative de minage au tick 780
[Tick 780] Bloc rejeté: logging_1_48 de greedy_0
[Tick 784] Choix du parent: logging_1_48 (hauteur 111)
[Tick 784] Bloc rejeté: greedy_2_76 de greedy_2
[Tick 790] Tentative de minage au tick 790
[Tick 790] Nouveau bloc accepté: greedy_0_73 de greedy_0, hauteur 111
[Tick 794] Bloc rejeté: greedy_2_77 de greedy_2
[Tick 800] Tentative de minage au tick 800
[Tick 801] Choix du parent: logging_1_49 (hauteur 112)
[Tick 801] Bloc rejeté: conservative_0_38 de conservative_0
[Tick 802] Bloc rejeté: adaptive_0_52 de adaptive_0
[Tick 804] Bloc rejeté: greedy_2_78 de greedy_2
[Tick 806] Bloc rejeté: greedy_0_75 de greedy_0
[Tick 806] Bloc rejeté: conservative_0_39 de conservative_0
[Tick 808] Bloc rejeté: greedy_0_76 de greedy_0
[Tick 810] Tentative de minage au tick 810
[Tick 811] Bloc rejeté: logging_1_49 de greedy_0
[Tick 814] Bloc rejeté: greedy_2_80 de greedy_2
[Tick 817] Bloc rejeté: greedy_2_79 de greedy_2
[Tick 820] Tentative de minage au tick 820
[Tick 822] Bloc rejeté: adaptive_0_54 de adaptive_0
[Tick 824] Choix du parent: logging_1_50 (hauteur 113)
[Tick 827] Bloc rejeté: greedy_2_81 de greedy_2
[Tick 827] Bloc rejeté: logging_1_50 de greedy_0
[Tick 830] Tentative de minage au tick 830
[Tick 830] Bloc rejeté: greedy_0_77 de greedy_0
[Tick 834] Bloc rejeté: greedy_0_78 de greedy_0
[Tick 838] Bloc rejeté: greedy_2_83 de greedy_2
[Tick 838] Bloc rejeté: greedy_0_79 de greedy_0
[Tick 839] Bloc rejeté: adaptive_0_55 de adaptive_0
[Tick 840] Tentative de minage au tick 840
[Tick 842] Choix du parent: logging_1_51 (hauteur 114)
[Tick 842] Bloc rejeté: greedy_2_82 de greedy_2
[Tick 847] Bloc rejeté: logging_1_51 de greedy_0
[Tick 848] Bloc rejeté: conservative_0_40 de conservative_0
[Tick 848] Bloc rejeté: conservative_0_41 de conservative_0
[Tick 849] Bloc rejeté: greedy_2_84 de greedy_2
[Tick 850] Tentative de minage au tick 850
[Tick 855] Bloc rejeté: adaptive_0_56 de adaptive_0
[Tick 860] Tentative de minage au tick 860
[Tick 863] Choix du parent: logging_1_52 (hauteur 115)
[Tick 868] Bloc rejeté: greedy_2_85 de greedy_2
[Tick 870] Tentative de minage au tick 870
[Tick 874] Choix du parent: logging_1_53 (hauteur 116)
[Tick 878] Bloc rejeté: greedy_0_81 de greedy_0
[Tick 879] Bloc rejeté: logging_1_52 de greedy_0
[Tick 880] Tentative de minage au tick 880
[Tick 880] Bloc rejeté: conservative_0_42 de conservative_0
[Tick 882] Bloc rejeté: greedy_2_86 de greedy_2
[Tick 882] Bloc rejeté: greedy_2_87 de greedy_2
[Tick 884] Bloc rejeté: greedy_0_82 de greedy_0
[Tick 884] Bloc rejeté: logging_1_53 de greedy_0
[Tick 885] Choix du parent: logging_1_54 (hauteur 117)
[Tick 887] Bloc rejeté: greedy_2_88 de greedy_2
[Tick 889] Bloc rejeté: conservative_0_43 de conservative_0
[Tick 890] Tentative de minage au tick 890
[Tick 890] Bloc rejeté: adaptive_0_58 de adaptive_0
[Tick 890] Bloc rejeté: greedy_0_83 de greedy_0
[Tick 892] Bloc rejeté: logging_1_55 de greedy_0
[Tick 898] Bloc rejeté: greedy_2_89 de greedy_2
[Tick 900] Tentative de minage au tick 900
[Tick 900] Bloc rejeté: adaptive_0_59 de adaptive_0
[Tick 903] Choix du parent: logging_1_55 (hauteur 118)
[Tick 905] Bloc rejeté: greedy_0_84 de greedy_0
[Tick 907] Bloc rejeté: adaptive_0_60 de adaptive_0
[Tick 910] Tentative de minage au tick 910
[Tick 911] Bloc rejeté: greedy_0_85 de greedy_0
[Tick 917] Bloc rejeté: conservative_0_44 de adaptive_0
[Tick 919] Choix du parent: logging_1_56 (hauteur 119)
[Tick 920] Tentative de minage au tick 920
[Tick 922] Bloc rejeté: greedy_0_86 de greedy_0
[Tick 922] Bloc rejeté: greedy_2_91 de greedy_2
[Tick 924] Bloc rejeté: greedy_2_90 de greedy_2
[Tick 926] Bloc rejeté: logging_1_56 de greedy_0
[Tick 927] Bloc rejeté: greedy_0_87 de greedy_0
[Tick 928] Choix du parent: logging_1_57 (hauteur 120)
[Tick 930] Tentative de minage au tick 930
[Tick 934] Choix du parent: logging_1_58 (hauteur 121)
[Tick 934] Bloc rejeté: adaptive_0_61 de adaptive_0
[Tick 937] Bloc rejeté: logging_1_57 de greedy_0
[Tick 940] Tentative de minage au tick 940
[Tick 941] Bloc rejeté: adaptive_0_62 de adaptive_0
[Tick 943] Bloc rejeté: greedy_2_94 de greedy_2
[Tick 944] Bloc rejeté: greedy_0_89 de greedy_0
[Tick 945] Bloc rejeté: greedy_2_92 de greedy_2
[Tick 947] Bloc rejeté: conservative_0_45 de conservative_0
[Tick 948] Bloc rejeté: greedy_2_93 de greedy_2
[Tick 948] Bloc rejeté: conservative_0_46 de conservative_0
[Tick 950] Tentative de minage au tick 950
[Tick 950] Bloc rejeté: logging_1_59 de greedy_0
[Tick 951] Choix du parent: logging_1_59 (hauteur 122)
[Tick 951] Bloc rejeté: logging_1_58 de greedy_0
[Tick 959] Bloc rejeté: greedy_0_90 de greedy_0
[Tick 960] Tentative de minage au tick 960
[Tick 962] Bloc rejeté: greedy_2_95 de greedy_2
[Tick 966] Bloc rejeté: adaptive_0_63 de adaptive_0
[Tick 966] Bloc rejeté: logging_1_60 de greedy_0
[Tick 970] Tentative de minage au tick 970
[Tick 970] Bloc rejeté: greedy_2_96 de greedy_2

